< Episode 18. 독자의 싸움 (5) >

[성좌, ‘악마 같은 불의 심판자’가 당신의 진심을 가늠합니다.] 

[성좌, ‘은밀한 모략가’가 어쩐지 귀찮아합니다.] 

[성좌, ‘긴고아의 죄수’가 적극적으로 귀찮음을 피력합니다.] 

[성좌, ‘긴고아의 죄수’가 정말로 채널을 옮길 거냐고 묻습니다.] 

흥미롭다는 듯 독각이 미소를 지었다. 

“다리라면?” 

“네 채널을 나한테 연결시켜 줘.” 

“그럼 중복 접속이 될 텐데요?” 

“상관없어. 그래야 성좌들도 고생하지 않고 나를 통해 바로 채널을 옮길 수 있잖아?” 

“흐음. 그렇긴 하겠죠. 이거 재미있군요.” 

“그리고 사실 나도 조금 궁금해.” 

“궁금하다?” 

“내가 계약할 채널에 어떤 성좌들이 있는지 말이야. 이런 깡촌 같은 채널에만 있다 보니 커다란 채널은 어떨지 좀 궁금하기도 하거든. 미리 보고 싶은데. 안 될까?” 

나는 일부러 비형 쪽을 향해 경멸적인 시선을 보냈다. 실시간으로 상처받는 비형의 얼굴. 독각의 얼굴에 만족스러운 미소가 걸렸다. 

“비형, 정말 좋은 화신과 계약하셨군요. 이제부턴 아니겠지만 말입니다.” 

독각의 손이 허공을 누비더니, 이내 시스템이 조작되기 시작했다. 

“좋습니다. 그럼 어디 대도시의 공기를 느껴 보시죠.” 

그리고 다음 순간, 나는 내 몸에 새로운 코드가 꽂히는 듯한 느낌을 받았다. 어딘가와 이어지는 듯 분명한 연결감. 

천천히 눈을 깜빡이자, 나를 보는 무수한 시선들이 느껴지기 시작했다. 

하나, 둘, 셋······ 온몸의 솜털이 솟았다. 

비형의 채널에 있을 때와는 확실히 달랐다. 

단지 시선만으로 느껴지는 다수의 존재감. 

대단하다. 

이것이 도쿄 돔을 장악한 도깨비의 채널이라는 건가? 

“어떻습니까? 당신이 활동할 새로운 리그가.” 

단순히 일본의 성좌들만 있는 게 아닌 것 같았다. 

이 자식, 이계나 다른 대륙의 고정 구독좌들까지 가지고 있는 건가? 

이런 곳에서 활동하면, 한 번에 대체 얼마나 많은 코인을 쓸어 담을 수 있는 거지? 

솔직히 가늠도 잘 되지 않는다. 

“대단하네. 진짜 큰데?” 

“그럼 이제 다시 계약을······.” 

“그 전에, 잠깐만 인사를 하고 싶어. 괜찮지?” 

“······그렇게 하시죠.” 

독각은 살짝 못마땅한 표정이었지만, 결국 허락했다. 

나는 눈을 감은 채 이야기를 시작했다. 

“도쿄 돔의 성좌님들. 제 말 들리십니까?” 

[한반도를 싫어하는 몇몇 성좌들이 당신을 바라봅니다.] 

“몇몇 분들은 제 이야기를 들으셨을 거라고 생각합니다. 저는 [절대 왕좌]를 부수고 ‘왕이 없는 세계의 왕’이 된 김독자입니다. 참고로 저는 배후성이 없고······ 음, 뭐. 그렇습니다. 앞으로 잘 부탁드립니다.” 

[도쿄 돔의 성좌들이 당신의 말에 귀를 기울입니다.] 

간단한 소개를 했을 뿐인데, 몇몇 성좌들이 벌써 내게 간접적인 어프로치를 시작했다. 

좋다. 

시작이 나쁘지 않은데? 

“그런데 말입니다. 채널에 접속한 기념으로, 제가 작은 이벤트를 하나 열어볼까 합니다. 뭐냐하면, 한일 합작 이벤트라고나 할까······. 궁금하신 분들은 지금 당장 #BI-7623 채널로 접속해주시면 감사하겠습니다. 일찍 온 성좌들한텐 추첨해서 코인도 줄 거니까 꼭―” 

뚝, 하고 채널이 끊어졌다. 

눈을 뜨자, 독각이 나를 노려보고 있었다. 

“지금 대체 뭘 하는 겁니까?” 

“뭐하긴. 이벤트 하는 거지.” 

“대체 무슨 생각을······ 죽고 싶은 겁니까? 내 채널의 성좌들이 그런 얕은수에 놀아날 것 같······.” 

기꺼이, 놀아나 줄 것이다. 

왜냐하면 딱 궁금한 지점에서 네가 끊어줬으니까. 

그리고 독각의 표정이 서서히 변하기 시작했다. 

“잠깐만요, 성좌님들. 지금 어디 가시는 겁니까?” 

흐름이 조금씩 바뀌고 있었다. 

비형의 채널에, 조금씩 성좌들의 숫자가 늘어나고 있었다. 

[상당수의 성좌들이 #BI-7623 채널에 입장했습니다.] 

[채널 레벨이 올랐습니다.] 

나는 웃으며 말했다. 

“많이들 와주셨네요. 고마워요. 이벤트 때문에 오신 거죠?” 

[성좌, ‘긴고아의 죄수’가 잡스런 성좌들의 등장에 짜증을 냅니다.] 

[성좌, ‘해상전신’이 적대 성좌들의 등장에 분개합니다.] 

“잠깐만, 싸우지들 말고. 싸우라고 부른 거 아닙니다.” 

[무라마사를 즐겨 쓰는 성좌가 어서 코인 추첨을 진행하라고 닦달합니다.] 

[몇몇 성좌들이 그래서 코인 이벤트는 언제 하느냐 묻습니다.] 

“닦달하지도 마세요. 좀 있다가 할 거니까. 그런데 생각해 보세요. 겨우 그 한 푼 두 푼 받는 게 그렇게 중요합니까? 애초에 화신이 없으면 당신들도 코인을 쓸 곳이 없잖아요? 천천히 가자고요 천천히.” 

[몇몇 성좌들이 불만스런 눈으로 당신을 바라봅니다.] 

“혹시 아까 못 들은 분들이 있을지도 모르니, 다시 한번 말해드리겠습니다. 나는 배후성이 없는 김독자라는 놈입니다. 왕들의 전쟁에서 승리했고, 재앙은 시작되기도 전에 두 개를 막았습니다. 아마 전 세계를 뒤져 봐도 나보다 강한 화신은 많지 않을 겁니다. 배후성이 없는 화신 중에서는 아예 없을 거고. 그런데 말입니다······ 슬슬 이 짓도 힘들더라고요.” 

내 의도를 눈치챈 듯, 독각의 안색이 새파랗게 질리기 시작했다. 

“잠깐! 당신······!” 

나는 독각을 향해 씩 웃어주었다. 

연출? 

그래, 내가 진짜 ‘연출’이 뭔지 보여주마. 

“서울 돔은 지금 다섯 번째 시나리오를 앞두고 있습니다. 그게 무슨 의미인지, 똑똑한 당신들이라면 잘 알고 있을 겁니다. 그래요, 맞습니다. 곧 당신들이 좋아하는 그 이벤트가 있을 겁니다.” 

이제 시나리오 시작까지는 일주일도 채 남지 않았다. 

그리고 모든 ‘재앙 시나리오’는, 시작 전 특별한 이벤트를 개최한다. 

‘스타 스트림’에 존재하는 모든 성좌들의 연회. 

이제 곧, 두 번째 <배후 선택>이 시작될 것이다. 

나는 말을 이었다. 

“그래서 기념으로, 나도 깜짝 이벤트를 한 번 진행해볼까 합니다. 만약 <배후 선택> 당일까지, 이 채널의 구독좌 숫자가 1만을 넘긴다면······.” 

[성좌, ‘긴고아의 죄수’가 침을 꿀꺽 삼킵니다.] 

“나는 이 채널의 성좌들 중 하나를, 내 파트너로 삼으려고 합니다.” 

[성좌, ‘은밀한 모략가’가 흥미롭다는 듯 당신을 바라봅니다.] 

“성별도, 종족도, 출신 세계도 상관없습니다. 강하든 약하든, 유명하든 아니든. 어느 쪽이라도 괜찮습니다. 내가 보는 것은 열정뿐입니다. 나와 함께, 이 빌어먹을 이야기의 끝을 볼 수 있다는 열정.” 

[성좌, ‘대머리 의병장’이 자신의 머리를 닦습니다.] 

“누구든 좋습니다. 나는 이곳에서 당신들을 기다리고 있겠습니다. 1만입니다. 기억하셨죠? 꼭 다들 분들한테도 제대로 전해주세요.” 

“자, 잠깐! 잠깐만! 기다려!” 

뒤늦게 독각이 더듬거렸지만, 이미 일은 터진 뒤였다. 

악을 쓰는 독각의 목소리. 

쉴 새 없이 터져 나오는 채널 메시지들. 

곳곳에서 들려오는 간접 메시지에, 나는 현기증이 날 지경이었다. 

그렇게 얼마나 시간이 지났을까. 

멍하니 있던 독각의 표정에 차가운 분노가 피어올랐다. 

뭔가를 결심한 듯, 놈이 나를 향해 손을 들어 올렸다. 

“화신 김독자. 당신은 여기서 죽어줘야겠습니다.” 

그래, 그렇게 나올 줄 알았다. 

나는 애써 침착함을 가장하며 웃었다. 

“지금 많은 성좌들이 이걸 보고 있다고. 후폭풍이 두렵지 않은 모양인가봐?” 

“도쿄 돔의 주인을 얕보지 마시죠.” 

분노한 독각의 표정에는 약간의 인내심도 남아있지 않았다. 

젠장. 

“벌레 하나 죽인다고 몰려올 개연성을, 제가 감당하지 못할 것 같습니까?” 

독각의 손가락이 무심하게 부딪쳤다. 

정말로 벌레 하나를 터뜨려 죽이듯, 무심한 손짓이었다. 

파지지지직! 

그리고 강력한 스파크가, 내 주변에서 튀어 올랐다. 

독각의 특기인 ‘풍선 터뜨리기’였다. 

이제 저 전류는, 내 몸을 풍선처럼 부풀린 뒤 터뜨릴 것이다. 

부어오른 내장은 파편이 되어 비산할 것이고, ‘나’였던 모든 조각들은 먼지가 되어 우주의 잔해로 흩어질 것이다. 

원래라면 그래야 했다. 

“······이게 왜 이러지?” 

따악! 

다시 한번. 

따악! 

독각은 두 번이나 더 손가락을 튕겼다. 

그러나 내 몸에는 아무런 변화도 없었다. 

얼마 지나지 않아, 스파크조차 사라져버렸다. 

“대, 대체 이게······.” 

당황한 독각이 자신의 손가락을 바라보았다. 

그러나 녀석은 알지 못했다. 

문제는 녀석의 손가락이 아니라는 사실을. 

오소소 소름이 돋는 느낌과 함께, 뒤쪽에서 드리워진 거대한 그림자가 시야를 어둡게 만들었다. 

“야. 쪽바리 도깨비.” 

그리고 들려온 목소리. 

나는 본능적으로 알 수 있었다. 저 목소리의 주인이, 지금 나를 지켜줬다는 것을. 생각해 보면 당연한 일이었다. 시스템을 사용하는 도깨비를 막을 수 있는 것은, 오직 같은 시스템을 사용하는 존재뿐이다. 

“힘자랑하니까 재밌냐?” 

처음으로 들어본, 비형의 목소리였다. 

경악한 독각이 말을 더듬었다. 

“어, 어떻게 [구속의 문자]를······?” 

“아, 그거? 그냥 힘주니까 툭 끊어지던데?” 

독각의 얼굴이 붉어졌다. 

뒤늦게 정신을 차린 녀석의 표정에 격노가 차오르고 있었다. 

“고작 하급 도깨비가······ 비형! 이게 지금 무슨 무례입니까?” 

“하급? 너도 구독좌수만 많지 하급이잖아.” 

“나는 일부러 진급을 안 하고 있을 뿐입니다. 감히 도쿄 돔의 주인인 나에게 대드는 겁니까?” 

“도쿄 돔? 좋지, 도쿄 돔. 거기 좋은 성좌들 많더라?” 

내 뒤에서 나온 비형이 성큼성큼 독각의 앞으로 다가갔다. 

“근데 너, 이렇게 작았냐?” 

왜일까. 

분명 겉모습은 그대로였는데도, 비형은 독각보다 몇 배는 더 커 보였다. 

거인 같은 비형의 그림자가 그것을 증명하고 있었다. 

다시 말하지만, 도깨비는 구독좌가 많아질수록 권능이 강해진다. 

공포에 질린 독각이 비틀거리며 물러섰다. 

“어, 어떻게······?” 

“너 아까 잘도 지껄이더라. 뭐? 내가 시나리오를 불법적으로 조작해?” 

비형의 그림자에서 불쑥 솟아난 검은 팔이, 독각의 멱살을 잡고 허공으로 들어 올렸다. 

“대놓고 남의 화신 훔쳐가는 새끼가······ 상도덕은 혹부리 영감한테 배웠냐?” 

“으, 으으. 이런 짓을 하면, 당신도 결코 무사하지 못할······!” 

“알게 뭐야 씨발!” 

그림자의 오른쪽 팔이 비정상적으로 커다랗게 부풀고 있었다. 

“넌 안드로메다에 간 네 개념이나 찾아와라!” 

투콰아아앙! 

그림자의 주먹을 맞은 독각이 천장의 보호막을 뚫고 먼 우주 저편으로 날아갔다. 

도깨비니까 저런다고 죽진 않겠지만, 한동안 꽤 타격을 받은 상태일 것이다. 조금은 분이 풀린 듯, 비형이 씩씩거리는 숨소리를 냈다. 

그나저나, 하마터면 죽을 뻔했네. 

안도의 한숨을 내쉰 나는 뻣뻣해진 목을 풀며 비형에게 다가갔다. 

그저 채널이 성장했을 뿐인데, 비형의 모습은 조금 낯설어 보였다. 

머쓱하니 서로를 쳐다보는 순간, 비형의 멍한 눈동자가 나와 마주쳤다. 

웃는 것인지 우는 것인지 알 수 없는 비형의 입술. 

아마 도깨비는, 진짜 기쁠 때 저런 표정을 짓는 모양이었다. 

“너 내가 지금 뭐 보고 있는지 알아?” 

모른다. 하지만 알 것 같았다. 

아마 내가 보고 있는 것과 크게 다르지 않을 테니까. 

[채널 레벨이 올랐습니다.] 

[채널 레벨이 올랐습니다.] 

[채널 레벨이 올랐습니다.] 

. 

. 

. 

[한반도를 좋아하는 한 성좌가 당신의 배후성이 되기를 원합니다.] 

[역사적 화해를 원하는 한 성좌가 당신의 배후성이 되기를 원합니다] 

[성별 바꾸기를 좋아하는 한 성좌가 당신의 진의를 궁금해합니다.] 

[하위문화를 즐기는 한 성좌가 당신에게 관심을 가집니다.] 

끝도 없이 떠오르는 메시지가, 나와 비형의 귓가를 가득 메우기 시작했다. 

이제 무대는, 세계로 확장될 것이다.



< Episode 19. 특이점 (1) >

도깨비의 감투에 들어온 것은 처음이었기 때문에, 나는 비형이 성좌들을 관리하는 틈을 타서 테이블에 흩어져 있던 서류 몇 개를 들춰 보았다. 

[특이점 동향 보고서] 

······특이점? 

호기심에 발견한 서류를 두서너 장 넘기는 순간, 서류는 가루처럼 소멸했다. 아마 진짜 서류가 아니라 시스템으로 구성된 데이터베이스인 듯했다. 

비형이 이쪽을 돌아보았다. 

―······너 뭐해? 

―아냐, 아무것도. 

테이블 위에서 흩날리는 가루들을 보며, 비형이 의심스러운 눈으로 나를 쳐다보았다. 그러더니 한숨을 쉬며 입을 열었다. 

―야, 우리 괜찮을까? 

―왜? 이제 와서 후회되냐? 

―그게······ 그렇잖아. 이런 식으로 들어온 성좌들은 금방 빠져나간단 말이야. 

빠져나간 성좌들은 다시 도쿄 돔 채널로 돌아갈 것이다. 

그때 독각의 보복은 시작되겠지. 

하지만 그건 그때의 일이다. 

―게다가 너 아까 거짓말까지 하던데, 대체 어쩌려고 그래? 진짜 구독좌 1만 넘으면 어쩌게? 벌써 5천 넘긴 상황이라고. 

내가 말없이 어깨를 으쓱하자, 비형의 닦달이 이어졌다. 

―너 나랑 계약서 쓸 때 ‘배후성’ 안 고르는 게 조건이었잖아? 아무리 임기응변이라도 어쩌자고 그런 말을 한 거야? 

―어떻게든 되겠지. 뭣하면 네가 계약 파기해주면 되잖아. 

―그건 안 돼. 

―자식이······ 난 너 때문에 목숨까지 걸었는데 넌 안 된다 이거냐? 

비형의 표정이 어두워졌다. 

―그건······. 

하긴, 기대하는 내가 바보지. 

―나도 다 생각이 있으니까 걱정마라. 

―······진짜? 

―그래, 그러니까 아이템이나 줘. 독각 없으니까 이제 수여 권한도 너한테 넘어갔을 거 아냐? 

―아, 맞다. 

비형이 뒤늦게 시스템을 조작했다. 

그리고 잠시 후, 허공에서 백색의 코트가 나풀거리며 내려왔다. 깔끔하게 빠진 디자인이, 전투는 물론이거니와 멋까지 세심하게 신경 쓴 게 느껴졌다. 나는 코트를 받아 안주머니부터 확인했다. 

[‘무한 차원의 아공간 코트’의 특수 옵션, ‘아공간’이 활성화됩니다.] 

이 코트의 장점은 [인벤토리] 스킬이 없어도 각종 아이템들을 보관할 수 있다는 것이다. 안 그래도 [간평의]나 [용존], [동의보감], [마력 화로]등 가지고 다니기 귀찮은 아이템들이 많았기 때문에 지금의 나에겐 딱 좋은 아이템이었다. 

“······그런데 카탈로그랑 다르게 백색이네?” 

[다른 색은 품절이거든.] 

품절이라니. 그럼 이런 아이템이 몇 개나 있다는 건가? 

[몰랐냐? 이거 양산품인거.] 

퍼뜩 떠오르는 것이 있어서 나는 아이템의 옵션을 확인해 보았다. 

+ 

<아이템 정보> 

이름 : 무한 차원의 아공간 코트 ver.1.1 (made by 양산형 제작자) 

등급 : SSS 

설명 : 귀환자들을 위한 맞춤형 코트. 양산형 제품임에도 불구하고 [SSS등급]이라는 불가사의한 판정을 받았다. 특성창을 활성화할 수 없는 특수한 귀환자들까지 배려하여, 코트의 안주머니에는 부가 옵션인 ‘아공간’이 활성화되어 있다. 물론 공간이 넓지는 않기 때문에 사용에 주의를 요한다. 

+ 

다시 봐도 의아하다. 

아공간이 쓸만하긴 하지만, 이게 SSS등급이라고? 

고대룡 이그니투스의 심장 같은 것도 SS등급인데······. 

[······솔직히 제작자 입김이 좀 들어갔지. 힘이 센 성좌라서.] 

납득은 간다. 

하긴, ‘양산형 제작자’는 귀환자들 사이에서는 유명한 성좌니까······. 

솔직히 등급이 조금 거품이긴 해도, 이 정도면 초반에 얻을 수 있는 아이템들중에선 최상급이 틀림없다. 

어쨌든 얻을 건 모두 얻었다. 

[그만 돌아가자.] 

비형이 손가락을 튕기자, 주변의 정경이 일렁이며 바뀌기 시작했다. 눈을 한 번 깜빡이자, 나는 어느새 독각의 감투를 벗어나 지상으로 돌아와 있었다. 허공에서 갑자기 나타난 나를 본 한수영이 기겁하며 물러났다. 

“야! 대체 어디 갔다 온 거야?” 

“잠깐 뭐 좀 하느라.” 

“······잘 해결됐어?” 

가끔 한수영은 뭔 일이 일어났는지 잘 알지도 못하면서 저런 식으로 말하는 버릇이 있다. 작가의 자존심인가? 나는 그냥 고개를 끄덕여 주었다. 

“새 옷이네? 젠장, 부럽다.” 

그녀는 부러운 듯한 눈으로 내가 입은 코트를 바라보더니, 아직도 선 채로 기절해 있는 유중혁 쪽을 돌아보았다. 그녀는 유중혁이 입은 검은색 코트와 내 하얀색 코트를 번갈아 보더니 입을 열었다. 

“근데 혹시 커플룩이냐?” 

“······그냥 우연이야. 흔한 디자인이잖아.” 

[성좌, ‘악마 같은 불의 심판자’가 알 수 없는 이유로 기뻐합니다.] 

[성별 바꾸기를 좋아하는 한 성좌가 눈을 빛냅니다.] 

······그러고 보니 아까 독특한 성좌들이 많이 들어왔었지. 

성별 바꾸기를 좋아하는 성좌는 또 뭐야? 

‘멸살법’에 저런 녀석도 나왔었나? 

조만간 찾아봐야 할 것 같다. 

[성좌, ‘악마 같은 불의 심판자’가 성별 바꾸기를 좋아하는 한 성좌를 견제합니다.] 

말이 나온 김에, 나는 유중혁의 상세를 살피기로 했다. 다행히 녀석의 회복은 순조로운 듯했다. 호흡은 안정되어 있었고, 갈라진 상처들은 아물고 있었다. 

“빨리 뜨자. 이 자식 깨어나기 전에.” 

두 주먹을 불끈 쥔 채 기절한 유중혁. 이 녀석이 일어나면 제일 먼저 벌어질 일이 무엇인지 상상하는 것은 그리 어렵지 않았다. 

* 

나는 한수영과 함께 강동구를 떠났다. 한수영의 아바타에게 맡겼던 유상아는 내가 대신 업었다. 탈진한 그녀는 여전히 기절한 상태였다. 

아까 앤티누스와 싸웠던 격전지로 다시 가보았지만, 리카온은 찾지 못했다. 

시신이 없는 걸 보면 분명 살아 있는 것 같긴 한데, 왜 내게 바로 오지 않는 것인지는 알 수 없었다. 

재앙의 파편을 맞았으니, 분명 심한 상처를 입었을 텐데. 

자꾸 뒤를 돌아보던 한수영이 물었다. 

“근데 정말 저대로 두고 가도 돼?” 

“괜찮아.” 

“하지만 그 ‘독희’잖아. 믿을 수 있는 거야?” 

기절한 유중혁은 독희 이설화에게 맡겼다. 

“독희는 원래 나쁜 사람 아냐. 패러사이트 때문에 그렇게 된 거지.” 

길잡이에게 감염되지 않은 여러 회차에서, 이설화는 ‘독희’가 아니라 ‘의선’으로 불렸다. 그리고 아마 이번 회차에서도, 그녀는 의선 이설화라 불리게 될 것이다. 

―녀석을 데리고 개봉동 쪽으로 가보세요. 아마 거기 5603부대라고 군부대가 하나 있을 텐데, 들어가 보면 불쌍한 군인 하나가 기다리고 있을 겁니다. 

[전지적 독자 시점]으로 확인한 이현성의 위치를 알려준 것은 유중혁의 충고를 받아들여서였다. 

모든 동료를 내 힘으로 성장시키려 했던 것은 내 오만이었는지도 모른다. 

내가 완독자든 뭐든, 결국 내 몸이 하나인 한 내가 사용할 수 있는 시간과 정보는 한정되어 있다. 

그러니 지금의 이현성에게 알맞은 트레이너는 내가 아니라 유중혁일지도 모른다. 

“배고프다. 저거 먹을까?” 

나는 고층 빌딩을 휘감고 자라나는 중인 식물종 하나를 가리켰다. 

[7급 괴수종, ‘야나스프레타’가 당신을 바라봅니다.] 

거대한 해바라기의 눈이 이쪽을 바라보자, 한수영이 기겁하며 말했다. 

“······저걸 먹자고?” 

“먹을 거 없으니까 저거라도 먹어야지. ‘멸살법’에 따르면 저거 꽤 맛있어. 그리고 아직 성체가 아니라 사냥하기도 쉽고.” 

“으······.” 

한수영은 질색하는 얼굴이었지만, 이내 아바타를 소환하기 시작했다. 우리는 곧장 식물종의 줄기를 자르고, 달려드는 촉수들을 모두 베어냈다. 얼마 안 가 뿌리와 연결이 끊어진 야나스프레타가 눈을 감았다. 

새삼, 나도 제법 강해졌다는 게 느껴졌다. 아무리 새끼라지만, 7급 식물종을 이렇게 쉽게 처리할 정도는 된 것이다. 

“한수영. 너도 먹을 거지?” 

“······몰라.” 

“그럼 요리 한다.” 

나는 ‘멸살법’에서 본 대로 야나스프레타의 조리를 시작했다. 

단단한 줄기의 껍질을 도려서 벗겨낸 다음, 주변의 식료품점에서 구해 온 허브 솔트를 조금 뿌렸다. 

껍질 안쪽에는 제철의 게살을 연상시키는 연분홍빛의 속살이 꽉 차올라 있었다. 한수영의 눈이 반짝였다. 

“이거 대체 뭐야? 식물 맞아?” 

“맞아.” 

“샐러드로 먹어도 되나?” 

“당연히 안 되지. 구울 거야.” 

나는 주변의 나무를 대충 꺾은 뒤, 잘라낸 야나스프레타의 줄기를 바비큐처럼 꽂아 [마력 화로] 위에 올렸다. 화로를 중불로 맞췄는데도, 7급 종이라 그런지 조리는 꽤 오래 걸렸다. 나는 줄기가 적당히 익었을 때 뒤집기를 몇 번 반복한 후, 추가로 허브솔트를 더 뿌렸다. 

얼마간 시간이 더 지나자, 마치 고기를 구운 듯 고소한 냄새가 주변에 맴돌기 시작했다. 

“야, 냄새 죽이네?” 

“잠깐만, 그냥 먹으면 안 돼.” 

나는 화로로 손을 뻗으려는 그녀를 만류하며, 옆에서 데우고 있던 찻잔을 건네주었다. 

“이거 마시고 먹어.” 

“뭔데?” 

“줄기 진액 끓인 거야. 야나스프레타 줄기는 꼭 이걸 마시고 먹어야 해.” 

한수영은 살짝 의심스럽다는 표정으로 찻잔을 받아 들었다. 그러나 잠시 후, 그녀의 표정은 감동으로 변했다. 진액을 모두 마신 한수영은 정신없이 줄기를 뜯기 시작했다. 

“천천히 먹어라 좀.” 

“······장난 아니네 이거. 너 요리사 해도 되겠다.” 

“멸망한 세계에서는 그럴지도 모르겠네.” 

볼에 한가득 음식을 채운 채 우물거리는 꼴이 꼭 다섯 살짜리 어린애 같아서 나는 쓰게 웃고 말았다. 

[요리를 좋아하는 몇몇 성좌들이 당신의 요리를 궁금해합니다.] 

[빠른 진행과 폭력을 좋아하는 몇몇 성좌들이 불평합니다.] 

[성좌, ‘긴고아의 죄수’가 으스대며 지켜보기나 하라고 말합니다.] 

다섯 번째 시나리오 시작까지 남은 시간은 일주일. 

‘불타는 지옥의 재앙’ 화룡종과, ‘질문의 재앙’ 명일상을 처치했으니 벌써 재앙은 두 개나 제압되었고, 전개는 순조로웠다. 

곧 깨어난 유중혁은 이현성을 데리고 서쪽의 재앙을 공략하기 시작할 것이고, 북쪽은 ‘방랑자들의 왕’이 처리해줄 것이다. 

이제 주의해야 할 것은 ‘중앙의 재앙’ 뿐. 

나는 야나스프레타 꼬지 하나를 집어 들며, 여전히 기절해 있는 유상아 쪽을 돌아보았다. 

“유상아 씨.” 

착각일까. 

분명 기절해 있었을 유상아의 입가가 움찔거렸다. 

“정신 든 거 알아요. 와서 이거 같이 먹어요.” 

“······.” 

“안 일어나면 그냥 다 먹습니다.” 

유상아는 일어나지 않았다. 

어디선가 꼬르륵, 하는 뱃소리가 들려왔다. 

“주무시나 보네. 그럼 그냥 우리끼리 다 먹을게요. 아, 너무 맛있다.” 

“······자, 잠깐만요!” 

거의 다 기어들어가는 목소리로, 유상아가 자리에서 일어났다. 

역시, 그 유상아가 이 냄새를 맡고 그냥 누워 있을 리 없다. 

낮에 그렇게 많은 체력을 소비했으니, 배가 고픈 게 당연하다. 

나는 여전히 허겁지겁 볼을 부풀리고 있는 한수영 쪽을 일별했다. 

“야. 넌 많이 먹었으면 일어나.” 

“왜?” 

“몰라서 묻냐?” 

“······쳇. 사람 불편하게 하네. 알았어.” 

아마 한수영도, 유상아가 진즉에 깨어난 것쯤은 알고 있었을 것이다. 

그리고 유상아가 일어나지 않은 것이, 자기 때문이라는 것도 알고 있을 거고. 그렇게 생각하니 이 녀석도 참 못됐다는 생각이 든다. 

“나 한 바퀴 돌고 올게. 다 먹지 말고 몇 개 남겨 놔. 알겠지?” 

투덜거린 한수영이 꼬치를 한가득 문 채 어둠 속으로 사라졌다. 

그녀의 모습이 완전히 사라진 뒤에야, 유상아가 천천히 다가왔다. 

타닥, 타닥. 

마력화로 위에 올려진 꼬치가 먹음직스런 소리를 냈다. 망설이는 유상아를 향해 나는 꼬치 하나를 건네주었다. 그제야 유상아가 그것을 받아 들었다. 한 입을 베어 물고, 또 한 입을 베어 물고. 

그렇게 천천히 꼬치 하나를 다 먹은 유상아가 간신히 입을 떼었다. 

“······맛있어요.” 

그녀의 눈가에 눈물이 고여 있었다. 

누가 지금의 그녀를 보며, 낮에 단도를 휘두르던 그 여자를 떠올릴까. 

“천천히 먹어요.” 

그럼에도 그녀의 허리에 꽂힌 두 자루의 단도는 낮에 본 그녀의 모습이 꿈이 아니었음을 증거하고 있었다. 

멸망이 시작된 지 한 달. 

새삼 많은 일이 있었다는 게 느껴졌다. 

유상아는 말없이 꼬치를 먹어 치웠고, 나도 그런 그녀를 보며 간간이 꼬치를 먹었다. 

꼬치는, 역시나 빌어먹게도 맛있었다. 

마치 이 세상의 맛이 아닌 것처럼······. 

타오르는 마력 화로의 불길을 보며, 유상아가 중얼거렸다. 

“······이거, 정말 현실일까요.” 

“아마도요.” 

“이제 되돌아갈 수 없는 거겠죠?” 

“그럴 겁니다.” 

희미하게 떨리는 유상아의 손이 애처로웠다. 

인간을 죽인 손. 

살기 위해, 다른 사람의 자유를 앗아간 손이었다. 

누군가의 피를 묻혔던 그 손으로, 이제 유상아는 자신의 눈을 가렸다. 그녀의 어깨가 간헐적으로 들썩였다. 어떤 흐느낌도 새어 나오지 않은 것은 아마 그녀의 마지막 자존심이었을 것이다. 

“당신 잘못이 아닙니다.” 

그 말이 위로가 되었는지 어떤지는 알 수 없었다. 

나는 유상아의 마음을 볼 수 없었으니까. 

유상아는 소리 내어 울기 시작했다. 하염없이 흐른 눈물이 길바닥에 떨어졌고, 먹다 남은 꼬치가 바닥에 툭 떨어졌다. 

그렇게 얼마나 더 울었을까. 

울음소리가 조금씩 잦아들기 시작했다. 

7급 식물종 ‘야나스프레타’의 줄기는, 진액을 마시지 않고 복용하면 강력한 수면 효과를 발휘한다. 

나는 색색거리며 곯아떨어진 유상아를 잠시 바라보다가, 혼잣말처럼 입을 열었다. 

“정말로 그건 당신 잘못이 아니에요.” 

그건 유상아를 향한 말이었지만. 

“그러니······.” 

동시에 유상아를 향한 말이 아니기도 했다. 

“슬슬 정체를 밝혔으면 좋겠는데, 어때?” 

폐허가 된 도시에서, 드문드문 야생괴수들의 울음소리가 들려왔다. 

내 혼잣말을 혼잣말로 만드는 침묵. 

나는 유상아를 보며 말을 이었다. 

“시치미를 떼시겠다 이거지?” 

“······.” 

“무슨 목적으로 나를 지켜보고 있는 건지는 모르겠지만, 그동안 나를 봐 왔다면 이제 알고 있을 텐데?” 

[부러지지 않는 신념]이 어둠 속에서 새하얀 칼날을 드러냈다. 

“나는 내 목적에 다다르기 위해서라면, 무엇도 망설이지 않아.” 

고요히 내민 칼날이, 유상아의 하얀 목덜미에 닿았다. 

“그러니 빨리 입을 여는 편이 좋을 거야. 너희들의 소중한 화신이 죽는 걸 보고 싶지 않다면 말이지.” 

이제부터는 치킨 게임이었다. 

잠시 기다리던 나는, 조금씩 그녀의 목에 칼날을 밀어 넣기 시작했다. 

칼날이 1센티미터쯤 그녀의 목을 파고들었고, 순식간에 맺힌 피가 흘러내리기 시작했다. 

그리고, 유상아가 갑자기 눈을 번쩍 떴다. 

[전용 스킬, ‘제4의 벽’이 당신의 정신 충격을 감쇄합니다.] 

광풍과 함께 나는 유상아의 몸에서 튕겨져 나왔다. 

고오오오! 

심장을 저릿하게 만드는 무시무시한 존재감. 유상아의 몸에서 휘황한 광휘가 뿜어져 나오고 있었다. 나를 보는 유상아의 탈색된 동공이 보였다. 그리고 그 동공 안에서 맴도는, 저 먼 성운(星雲)의 그림자가 있었다. 천둥이라도 치는 듯한 목소리가 내 머릿속을 터뜨릴 듯 울렸다. 

[하찮은 인간이.] 

나는 입가에 묻은 피를 닦아내며 씩 웃었다. 

드디어 나타나셨군. 

빌어먹을 올림포스(Olympos)의 성좌들이.

< Episode 19. 특이점 (2) >

‘멸살법’의 세계에서 성좌는 크게 두 종류로 나뉜다. 

어디에도 소속되지 않은 자유 성좌들. 

그리고 특정한 성운(星雲)에 소속된 소속 성좌들. 

[감히 하찮은 인간이 위대한 별들을 능멸하는가?] 

그 쩌렁쩌렁한 기세에, 나는 침을 삼켰다. 

지구에 신화의 거점을 둔 성운에는 유명한 것이 몇 가지 있다. 

북유럽 신화의 <아스가르드>나 묵시록의 <에덴> 같은 것들. 그리고 그것들 못지않게 유명한 것이 바로, 눈앞의 녀석이 소속된 <올림포스>였다. 

“······폼 잡지 마. 신도 아니면서.” 

그 말에, 유상아의 표정이 변했다. 

갑자기 성좌가 직접 강림을 시도하기에 조금 쫄긴 했지만, 역시나였다. 

“시나리오 초반부의 개연성은 올림포스의 신들을 결코 허락하지 않아. 안 그래?” 

[어찌······!] 

개연성의 균형을 맞출 존재도 없으니, 올림포스 12신급이 강림했다면 서울 일대는 벌써 개박살이 났을 것이다. 그리고 그 파급으로 거대한 후폭풍이 닥쳐왔겠지. 올림포스의 신들 중 상당수가 하반신으로 생각하는 놈들이긴 해도, 아주 돌대가리만 있지는 않은 것이다. 

나는 유상아의 전신을 감싸고 넘실거리는 마력의 실을 보며 말했다. 

“지금의 개연성으로 나올 수 있는 건 당신이 한계인 모양이네. ‘버려진 미로의 연인’.” 

한국에 위인급 성좌가 있듯, 올림포스에도 위인급 성좌들은 있다. 

사실, 올림포스의 ‘대다수’는 저런 위인급 성좌들이다. 

버려진 미로의 연인. 

그것은 바로 테세우스의 연인인 ‘아리아드네’의 수식언이다. 

“개연성 코스트가 제일 낮은 당신을 대표로 보내다니, 올림포스도 어지간히 쪼잔하구만.” 

[닥쳐라! 감히······!] 

쿠구구구. 

그녀의 주변에서 넘실대는 마력의 실들이 지상을 뚫고 폭음을 만들었다. 단지 기세를 발출한 것만으로 일대의 땅이 갈라졌다. 

과연, 아리아드네라고 무시할 게 아니다. 

이야기의 힘을 업은 성좌들은 아무리 약하다 해도 비성좌보다는 강할 수밖에 없으니까. 

하지만 나는 안다. 

그녀는, 절대로 나를 공격할 수 없다. 

파츠츠츠츠! 

허공에 튀어 오르는 스파크. 

개연성의 족쇄가 움직인 것이다. 

상태를 보아하니 완전 강림은 아닌 것 같지만, 화신의 의지를 빼앗아 일부만 강림했다고 해도 개연성은 엄청나게 소모된다. 

게다가 아리아드네는 거대 성운 소속의 성좌. 

그녀의 움직임은, 반드시 다른 강력한 존재들에게 노출될 수밖에 없다. 

쿠우우우우우― 

서울 돔의 하늘에서 [그레이트 홀]이 울부짖고 있었다. 

미증유의 공포감에 귀가 먹먹해지고 전신에 오한이 돌았다. 

아리아드네가 강림한 유상아의 안색이 창백하게 물들어갔다. 

“시간이 별로 없는 것 같은데. 바로 본론으로 들어가지?” 

이것이 ‘성좌’들의 현실이다. 

그들은 스타 스트림의 최강을 논하는 존재들이지만, ‘개연성’이라는 무거운 족쇄를 결코 벗어던질 수 없는 것이다. 

“이계의 신격들이 당신을 눈치챈 것 같으니까 말이야.” 

[······어떻게 인간이 그런 것을 알고 있지?] 

“지금 그게 중요한 게 아니잖아? 나랑 실랑이하려고 나온 건 아니지? 당신 대신 개연성을 감내해주고 있는 성좌들도 그걸 원하는 게 아닐 텐데?” 

꽈르르릉! 

그레이트 홀을 중심으로 천둥이 쳤다. 

역시, 위인급 성좌가 직접 강림하기엔 아직 이른 시점이다. 

나는 말을 서둘렀다. 

“나는 세 가지 질문을 할 거야. 만약 당신이 내 질문에 대답해 준다면, 나 역시 당신의 질문에 대답하겠어.” 

[삼문답 교환을 하자는 것인가?] 

“그래.” 

삼문답 교환. 

이것은 본래 개연성의 소모를 최소화하기 위한 성좌들의 거래 방식이었다. 

아리아드네가 못마땅하다는 듯 나를 노려보았다. 

[인간이 성좌들의 거래 방식을·····.] 

“할 거야 말 거야?” 

[······기다려라.] 

유상아의 눈꺼풀이 닫혔다. 아마 아리아드네는 지금 자신의 통신망을 통해 올림포스 소속의 다른 성좌들과 교신하고 있을 것이다. 

[흥이 깨지는 걸 싫어하는 한 성좌가 당신의 제안에 흥미를 가집니다.] 

아무래도, 올림포스의 구경꾼들도 나타난 모양이고. 

마침내 교신을 마친 아리아드네가 눈을 떴다. 

[문답을 허락한다.] 

그리고 메시지가 들려왔다. 

―신성한 삼문답(三問答)이 시작됩니다. 

―양측은 세 가지 질문과 대답을 교환할 수 있습니다. 

―모든 질문에는 진실만을 대답해야 합니다. 

―양측은 각자 한 번씩, 문답의 대답을 거부할 수 있습니다. 

―질문과 대답이 온전히 교환되기 전까지, 문답은 끝나지 않습니다. 

“내가 먼저 하겠어.” 

[좋다.] 

―첫 번째 질문권을 사용합니다. 

“하나, 왜 너희들이 유상아의 몸에 깃들어 있는 거냐?” 

[······.] 

“너희 터전은 대륙 반대쪽에 있을 텐데, 그쪽 시나리오 신경 쓰기도 바쁘지 않아? 왜 이곳에······.” 

[이번 세계의 ‘특이점’을 감시하기 위해서다.] 

―첫 번째 대답을 얻었습니다. 

“특이점?” 

[그것은 두 번째 질문인가?] 

빌어먹을, 제법 똑똑한데. 

‘질문권’은 질문자가 어렴풋하게나마 대답을 납득한 순간 사라진다. 

“아니야. 이제 그쪽이 물어봐.” 

―성좌 ‘버려진 미로의 연인’이 첫 번째 질문권을 사용합니다. 

[그대의 정체는 무엇인가?] 

“나? 너희들이 감시하는 특이점 중 하나.” 

―성좌, ‘버려진 미로의 연인’이 첫 번째 대답을 얻었습니다. 

당황한 아리아드네가 중얼거렸다. 

[······어떻게 그 사실을 알고 있지?] 

“역시 내가 특이점이었나 보네.” 

그냥 떠본 거였는데, 설마 맞을 줄이야. 

아리아드네의 눈이 가늘어졌다. 

[그대는······.] 

“화내지 말라고. 너희들도 자주 하는 짓이잖아?” 

[흥이 깨지는 걸 싫어하는 한 성좌가 당신의 재치에 즐거워합니다.] 

아리아드네의 기세가 살벌해졌다. 

하지만 본래 ‘삼문답 교환’은 이런 식으로 해야 한다. 정말로 상대방의 질문에 곧이곧대로 대답해 주면 손해만 볼뿐이니까. 

자신의 질문권은 유용하게 사용하고, 상대의 질문권은 헛되이 날려버리는 것. 

그 치열한 수싸움이 ‘삼문답 교환’의 본질인 것이다. 

나는 말을 이었다. 

―두 번째 질문권을 사용합니다. 

“그럼 두 번째 질문. ‘특이점’이라는 게 대체 뭐지?” 

[그대와 같은 존재들을 뜻한다.] 

어쭈, 머리 좀 쓰는데. 

하지만 이번에는 그 정도로 납득할 수 없다. 

“제대로 대답해. 계속 빙빙 돌리다가 끝내고 싶은 건 아니지?” 

[······원칙적으로 이야기하자면, ‘신탁’에 등장하는 존재들이다.] 

“좀 더 자세히 말하지 그래? 전혀 감이 안 온다고.” 

잠시 고민하던 아리아드네가 말을 이었다. 

[본래 그대를 감시할 생각은 아니었다. 그대를 발견한 것은 우연이었지.] 

······우연? 

[우리가 감시하려 했던 것은 다른 존재다. 거대한 운명의 바퀴를 등에 업고, 개연성을 파괴하는 존재. 특이점이란 그런 자들이다.] 

그 말을 듣는 순간, 나는 ‘특이점’이 대체 무엇인지 바로 이해했다. 

―두 번째 대답을 얻었습니다. 

올림포스 녀석들, 이번 회차에서 벌써 유중혁을 찾아낸 모양이다. 

올림포스 급의 성운이라면 다량으로 생산되는 필터링들을 검색해 그 정보를 역추적하는 것도 가능한 일이었다. 

무엇보다 놈들에게는 뛰어난 정보 추적자인 ‘헤르메스’가 있으니까. 

게다가 대성좌급의 존재들이라면, 유중혁에 의해 세계선이 어긋나는 것을 이미 눈치채고 있을 것이고······. 

하지만 이상한 점이 하나 있었다. 

본래 ‘회귀자’에 대한 정보는 지금의 아리아드네가 닿을 만한 정보가 아니었다. 

[답변이 되었다면 이번에는 내 차례다.] 

―성좌 ‘버려진 미로의 연인’이 두 번째 질문권을 사용합니다. 

[그대는 다음 <배후 선택> 때 누구를 선택할 것이냐?] 

이건 예상 밖의 질문이었다. 

설마 올림포스 쪽에서도 나를 노리고 있을 줄은 몰랐는데. 

[흥이 깨지는 걸 싫어하는 한 성좌가 당신의 말에 귀를 기울입니다.] 

[한반도를 좋아하는 몇몇 성좌들이 긴장합니다.] 

[성좌, ‘긴고아의 죄수’가 자신의 수식언을 연호합니다.] 

곤란한데. 어쩔 수 없지. 

“대답하지 않겠어. 벌써 누구를 뽑을지 말하면 재미없잖아?” 

―당신은 ‘거절권’을 사용하였습니다. 

―당신은 이제부터 질문에 대한 거절권을 행사할 수 없습니다. 

예상했다는 듯, 곧바로 아리아드네의 말이 이어졌다. 

―성좌 ‘버려진 미로의 연인’이 세 번째 질문권을 사용합니다. 

[그렇다면 마지막 질문이다. 그대는 어떻게 우리가 감시하고 있다는 사실을 알아챈 것이냐?] 

제길, 처음부터 이게 목적이었군. 

아마 아리아드네도 열심히 생각한 결과일 것이다. 

단순히 내 ‘정체’를 묻기만 해서는 또 대답을 돌릴 수 있으니까, 가능한 구체적인 질문을 만들어 낸 것이겠지. 

나는 잠시 고민하다가 입을 열었다. 

“책을 열심히 읽었어.” 

[뭐?] 

“책을 열심히 읽다 보니까, 알게 됐다고.” 

대답을 얻었다는 말이 안 뜨는 걸 보니, 역시 이걸로는 납득이 안 되는 모양이다. 하지만 여기서 ‘멸살법’ 이야기를 꺼낼 순 없었다. 어차피 꺼내봐야 필터링 처리가 될 테니 저쪽에서도 납득을 못할 것이고. 그렇다고 친절하게 설명해 주기도 싫다. 

“원래 우리 한국인들은 당신네들 신화를 잘 알아.” 

[······무슨 뜻이지?] 

“우리나라에서 당신들은 꽤 유명인사거든. 너무 대중적이라 애들 만화로 제작될 정도야. 당신도 우리나라에서 엄청 유명한 거 모르지? 내가 아니라 누구라도 그쪽이 올림포스 계통이란 건 알 수 있을걸?” 

흔들리는 눈빛으로, 아리아드네의 당황이 고스란히 전해졌다. 

[그럴 리가 없다. 겨우 동방의 작은 나라가······.] 

“크레타 섬의 미궁.” 

[······!] 

“반인 반수의 괴물.” 

그녀의 눈동자가 점점 커졌다. 

“당신을 잊은 연인. 낙소스 섬의 유폐. 주신(酒神)과의 정사······ 계속할까?” 

[그, 그만! 잘 알겠으니 그만하라!] 

―성좌, ‘버려진 미로의 연인’이 세 번째 대답을 얻었습니다. 

완전히 상처받은 얼굴의 아리아드네가 입을 뻐끔거렸다. 

[어떻게 하찮은 소국의 인간이 나의 이야기를······.] 

나는 속으로 한숨을 내쉬었다. 어떻게든 어영부영 넘기는 데 성공했다. 

괜히 아리아드네가 개연성 코스트가 낮은 게 아니지. 

얼빠진 그녀가 올림포스의 대표로 나와서 얼마나 다행인지 모른다. 

[그레이트 홀]의 움직임이 점점 더 불안해지고 있었다. 

나는 바로 입을 열었다. 

“그럼 이제 마지막 질문. 이번에 너희들이 받았다는 ‘신탁’ 내용은 뭐지?” 

한참이나 고민하던 아리아드네는, 보이지 않는 저울을 가늠하듯 눈을 가늘게 뜨더니 입을 열었다. 

[그것은······ 말할 수 없다.] 

―성좌 ‘버려진 미로의 연인’이 거절권을 사용하였습니다. 

―모든 질문과 대답이 온전히 교환되었습니다. 

―신성한 삼문답이 종료됩니다. 

예상은 했지만, 아쉬웠다. 

사실 마지막 질문이 제일 중요한 것이었는데. 

[흥이 깨지는 걸 싫어하는 한 성좌가 아쉬움에 입맛을 다십니다.] 

하늘에서 떨어지는 낙뢰들을 보며, 아리아드네가 인상을 찌푸렸다. 

[나의 남편이 그대의 이야기를 궁금해하여 잠시 여흥에 어울려줬다만, 장난은 여기까지다.] 

이제 정말 시간이 없다는 것을 깨달은 듯, 그녀가 목소리가 빨라지기 시작했다. 

[내가 이곳에 강림한 이유는 하나뿐이다. 우리 올림포스는 그대에게 엄중히 경고한다. 그대는 우리가 행하는 일을 방해하지 마라. 우리는 세계의 멸망을 막기 위해 움직이고 있으며. 이 여자는 훌륭한 멸망의 방파제로 자라나게 될 것이다.] 

“왜 그 여자지?” 

[이유를 찾는 것은 무의미한 짓이다. 운명의 실을 잣는 세 자매조차, 그 이유는 알지 못하니.] 

젠장. 올림포스 녀석들은 걸핏하면 운명 핑계를 댄다더니, 원작이 틀린 게 하나도 없다. 

[시나리오에 구속된 화신이여. 운명의 방향이 틀어지고 있다. 모든 별들의 흐름이 한곳으로 모이고, 성좌들의 운명을 결정하는 이야기가 시작될 것이다.] 

“무슨 소리지? <기간토마키아>를 말하는 거냐?” 

[······그런 정보까지 알고 있다니. 정말 놀랍구나. 하지만 정보를 알고 있다고 해서, 모든 것을 이해하고 있다는 오만을 부리지 않는 게 좋을 것이다.] 

파츠츠츠츠츳! 

유상아의 몸 주변에서 튀는 스파크가 한계치에 이르렀다. 

개연성 후폭풍의 징조였다. 

[찰나의 꼭두각시인 그대는 결코 이해할 수 없을 것이다. 하지만 기억하라. 종막이 도래하였을 때, 그대가 만약 올바른 편에 서 있지 않는다면―] 

그때, 하늘의 벼락이 유상아에게 내리꽂혔고, 새하얗게 타오른 그녀의 몸속에서 아리아드네의 힘이 빠져나가는 것이 느껴졌다. 

아아아아아······. 

꽈지지지직! 

시공간이 통째로 찢어지는 듯한 소리가 울려 퍼지더니, 이내 유상아의 몸이 실이 끊어진 인형처럼 쓰러졌다. 나는 황급히 달려가 유상아의 몸을 끌어안았다. 그 순간, 하늘 위에서 누군가의 시선이 느껴졌다. 

지금 고개를 들어서는 안 된다. 

누구도 그렇게 말해주지 않았지만 나는 본능적으로 알 수 있었다. 

만약 위를 보게 되면······. 

[전용 스킬, ‘제4의 벽’이 당신의 정신 충격을 상쇄합니다.] 

그러나 나는 홀린 듯 위를 올려다보고 있었다. 

저 먼 하늘의 [그레이트 홀]에 무언가가 일렁이고 있었다. 

아리아드네의 힘을 소멸시킨 존재가 그곳에 있었다. 

혓바닥 같기도 하고, 촉수 같기도 한. 

하지만 결국 무엇과도 닮지 않은 무엇. 

어떤 형용도 비유도 불가능한, 언어를 넘어선 공포가 나를 보고 있었다. 

이계의 신격(神格). 

시간이 느려진 것 같았고, 이마와 등허리에서 쉴 새 없이 땀이 흘러내렸다. 숨이 멎을 듯한 고통과 자아를 지워버릴 듯한 시간의 흐름. 

간신히 숨을 몰아쉬며 눈을 깜빡였을 때, 그레이트 홀은 평소처럼 돌아와 있었다. 나는 이를 악문 채 몸을 떨었다. 

저것이 내가 싸워야 할 놈들이다. 

멀리서 한수영이 달려오는 것이 보였다. 

흥분한 괴수종들의 포효가 어두운 달밤을 적셨고, 내리치는 벼락에 몸을 숙인 인간들의 비명이 간헐적으로 들려왔다. 

종막(終幕)과 관련된 시나리오에는 여러 이름들이 있었다. 

라그나로크. 기간토마키아. 하르마게돈······. 

아리아드네가 말하는 종막이 무엇인지는 모르겠지만, 확실한 것은 내가 아는 것과 다른 무언가가 시작되려 하고 있다는 것이었다. 

그리고 그것은 내가 원하는 바였다. 

원작과 똑같이 흘러가서는, 결코 내가 원하는 끝에 도달할 수 없으니까. 

나는 쓰러진 유상아를 조심히 눕히며 생각했다. 

툭 건드리면 부서질 것 같은 육체. 

자신의 배후성에게 지지 않으려는 듯, 꽉 쥔 유상아의 주먹이 하얗게 질려 있었다. 

인간은 나약하다. 

하지만 그저 거대한 개연성만을 두려워하는 별들이 간과하는 것도 하나 있다. 

지구의 모든 신화는, 결국 그들이 무시하는 나약한 인간들로부터 출발했다는 것을. 

나는 쥐어진 유상아의 주먹에, 가볍게 내 주먹을 맞대었다. 

[당신의 영혼 깊은 곳에서 ‘설화’의 힘이 꿈틀거립니다.] 

[당신의 첫 번째 ‘성흔’이 발아를 준비합니다.] 

그 어떤 신화에도 무너지지 않을 ‘이야기’를 쌓을 것이다. 

* 

그 시각, 은빛의 늑대가 어둠 속을 달리고 있었다. 

‘키잇······ 빌어먹을 늑대.’ 

패러사이트의 여왕, 앤티누스는 자신의 몸을 바라보며 이맛살을 찌푸렸다. 기껏 새로 얻은 몸이 하필 이뮨타르의 늑대라니. 

물론, 살아남은 것만으로도 천운인 상황이었다. 

개연성에 몸이 찢어지는 순간, 근처에 의식을 잃은 리카온이 없었더라면 그녀는 그대로 죽었을 것이다. 

후두둑. 

재앙의 파편에 맞은 리카온의 몸에서 검은 피가 쏟아졌다. 길잡이는 재앙에 대항할 수 없는 몸. 이제 앤티누스에게 남은 시간은 얼마 되지 않았다. 

‘······새로운 숙주에 기생한다.’ 

앤티누스는 [질문의 재앙]을 죽이던 인간들을 생각하며 파르르 떨었다. 

그의 행성을 멸절시킨 재앙을 막아내던 인간들. 그녀는 그 믿을 수 없는 광경 앞에서 절망했고, 다시금 결심했다. 반드시 복수할 것이다. 고향인 클로노스를 망가뜨린 지구인들을, 반드시 멸종시킬 것이다······. 그녀의 더듬이가 반응한 것은 그때였다. 

‘이 기운은?’ 

어디선가 느껴지는 친숙한 기운. 마치, 과거 클로노스의 대충왕종에게서나 느낄 수 있었던 힘. 앤티누스는 걸음을 서둘렀다. 

만약 이만한 가능성을 지닌 존재에게 기생할 수 있다면, 복수도 불가능한 것만은 아니다. 

그리고 마침내 도달한 장소에서, 그녀는 뜻밖의 존재와 마주쳤다. 

믿을 수가 없었다. 

어떻게, 어떻게 지구에 이런 존재가? 

“키, 키이잇―!” 

본능적으로 소리를 내지른 순간, 달빛을 받아 번뜩이는 소년의 눈이 소름 끼치는 빛을 냈다. 

“처음 보는 벌레다!” 

소년, 이길영이 앤티누스를 향해 희게 웃었다.

< Episode 19. 특이점 (3) >

눈을 떴을 때는 벌써 아침이었다. 

벌떡 일어난 나를 보며, 한수영이 입술을 비죽였다. 

마지막 불침번이 저 녀석이었던 모양이다. 

“뭔 악몽이라도 꿨어?” 

“조금.” 

밤새 타오른 장작의 불씨가 하얗게 새어 있었다. 나는 불씨를 적당히 헤집으며, 지끈거리는 이마를 짚었다. 

무의식중에 발동한 [전지적 독자 시점]으로 본 정경······. 

길영이 녀석, 괜찮으려나 모르겠네. 

“유상아 씨는?” 

“정찰 갔어.” 

한수영은 스마트폰을 만지며 귀찮다는 듯 대답했다. 

“넌 뭐 보고 있냐?” 

“소설.” 

“니꺼?” 

“그럼 누구 걸 보냐?” 

하긴, 이런 상황에서 다른 소설 읽는 것도 이상한 일이긴 하다. 

“항상 궁금했는데, 작가들은 자기가 쓴 거 보면 재밌냐?” 

“난 재밌어.” 

“뒷 내용을 다 아는데도?” 

사실 별 생각 없이 던져 본 말이었는데, 관자놀이를 만지던 한수영이 의외의 대답을 했다. 

“같은 내용을 읽어도 이야기가 다르게 느껴질 때가 있어.” 

“뭐?” 

“작가라고 자기 소설을 완벽하게 지배하고 있지는 않아. 문득 돌아보면 여기저기 구멍이 많이 나 있지. 결국 독서라는 건 그 불규칙적인 구멍들을 나름대로 이어나가는 작업인 거야.” 

“뭔 소린지 모르겠는데.” 

“······시간이 지나면 내가 쓴 것도 남이 쓴 것처럼 볼 수 있다는 뜻이야. 인간은 누구나 궁극적으로는 스스로에게 타자(他者)라고.” 

생각지도 못한 말이어서 나는 조금 감탄했다. 

한수영이 그런 어려운 말도 할 수 있을 줄이야. 

“하긴, 생각해 보니 넌 더 그렇겠다. 넌 진짜로 남의 소설 갖다 쓴 거잖아.” 

한수영이 빽 소리를 질러서 나는 잠시 귀를 막았다. 

아니, 그러게 누가 표절 하랬나? 

스마트폰을 끈 한수영이 나를 노려보며 물었다. 

“그건 그렇고, 앞으로 어떻게 할 거야?” 

“뭘 어떻게 해? 시나리오 시작까지 기다리는 거지.” 

“누가 그런 대책 없는 이야기 듣고 싶대? 제대로 된 계획이 있을 거 아냐.” 

하고 싶은 말이 있는 것 같아서, 나는 일부러 한수영이 말하게 내버려 두었다. 실제로 그녀는 계속해서 떠들었다. 

“서쪽은 유중혁이 맡고, 북쪽은 그 방랑자들의 왕인가 뭔가 하는 여자가 맡는다고 쳐. 중앙은 어쩔 건데?” 

“다 같이 막는 거지 뭐.” 

“쉽게 가는 방법이 있을 텐데? 잊었어?” 

나는 순간 멈칫했다가 한수영을 노려보았다. 

“너 그것도 표절했냐?” 

“······안 했거든? 그냥 내 소설 보다가 문득 떠오른 것뿐이야.” 

한수영이 입술을 비죽 내민 채 얼버무렸다. 

“아무튼, 내 말 맞지? 내가 알기로 ‘중앙의 재앙’은 쉽게 막을 수 있는 방법이 있어.” 

확실히, 그녀의 말은 맞았다. 

실제로 그렇게 한다면, 우리는 어렵지 않게 다섯 번째 시나리오를 클리어하고 모든 재앙을 막을 수 있게 된다. 한수영이 채근하는 눈으로 나를 보았다. 

“쉽게 갈 거지?” 

“그건······ 일단 가면서 생각하자.” 

때마침 멀리서 주변을 둘러보고 온 유상아가 이쪽을 향해 손을 흔들고 있었다. 한수영이 툴툴거렸다. 

“너 저 여자 오고 나서 어쩐지 기분 좋아 보인다?” 

“믿을 수 있는 사람이니까.” 

“쳇. 신뢰 못 받는 사람은 서러워서 살겠나.” 

우리는 다시 길을 나섰다. 

이제 시나리오 시작까지 남은 시간은 5일. 

우리는 한강을 따라 서쪽으로 조금씩 이동하고 있었다. 

목적은 크게 둘이었다. 

하나는 한강 일대에서 행방불명된 공필두를 찾는 것이었고, 둘은 근방의 괴수종을 잡아 코인을 모으는 것이었다. 

무엇보다 지금은 ‘코인 이벤트’ 중이니까, 뽕을 뽑을 수 있을 때 최대한 뽑아야 한다. 

“유상아 씨, 왼쪽으로! 한수영 너는 뒤를 맡아!” 

이동하는 족족 보이는 7급종을 우리는 남김없이 사냥했다. 

유상아까지 사냥에 가세하자, 7급종은 물론이거니와 어지간한 6급종까지도 널널히 사냥이 가능했다. 나는 그런 유상아를 보며 생각했다. 

아마 올림포스 녀석들은 모를 것이다. 

내가 놈들을 불러냈던 것은, 다분히 의도적이라는 것을. 

할당된 개연성을 사용한 녀석들은 당분간 유상아에게 함부로 간섭할 수 없다. 전투가 끝난 후, 나는 유상아에게 다가가서 말했다. 

“유상아 씨. 앞으로 성흔은 한 번에 하나만 쓰세요.” 

“아······ 죄송해요. 지난번에 너무 민폐였죠?” 

“아뇨, 그런 이유 때문이 아닙니다.” 

성운의 지원을 받는 존재는 특별하다. 

물론 성운의 지원을 받는다 해서 해당 성운의 모든 성좌가 그녀를 후원하는 것은 아니지만, 어쨌든 스타 스트림의 법칙은 화신 하나에 성좌 하나를 기본으로 하고 있으니까. 

법칙을 거스른 대가는, 결국 성좌들과 화신에게 고스란히 돌아온다. 성좌들이야 자기들끼리 피해갈 방법이 있다고 해도 문제는 화신 쪽이다. 

“여러 개의 성흔을 계속 중첩해서 사용하는 것은 유상아 씨의 몸에 부담을 줄 겁니다.” 

빌어먹을 올림포스 놈들은 말해주지 않았겠지만, 하나의 존재가 감당할 수 있는 이야기에는 한계가 있다. 

모든 성흔은 성좌의 역사를 품고 있고, 밀도 높은 시간 속에 마구잡이로 섞여든 역사들은 인간의 영육(靈肉)을 손상시킨다. 

만약 유상아가 지금처럼 다수 성좌들의 성흔을 빌려 쓰게 된다면, 그녀의 남은 수명은 순식간에 줄어들 것이다. 

이런 식이라면 아마 앞으로 길어야 1년······. 

유상아가 희미하게 웃었다. 

“걱정해주셔서 고마워요.” 

순간 나는 뭔가를 깨닫고 입을 열었다. 

“혹시 알면서 그랬던 겁니까?” 

고요히 눈을 내리깐 유상아가, 사이를 두고 말했다. 

“독자 씨는 아직도 제가 유능한 회사원 유상아로 보이세요?” 

유상아는 계속해서 말했다. 

“저는 독자 씨랑은 달라요. 바뀐 세상에선 아무것도 할 수 없는 사람이에요. 여긴 토익도 자격증도 봉사 점수도 다 쓸모 없는 세상이니까.” 

“강해지면 그게 모두 해결될 거라고 생각하신 겁니까?” 

“조금은요.” 

그녀의 말은 정답이었다. 

실제로 강함은, 세상의 문제를 아주 조금 해결해줄 뿐이다. 

“이 세계에 유용한 스펙을 쌓기로 했어요. 제가 할 줄 아는 건 그것뿐이에요.” 

그렇게까지 말하는 유상아의 손등에는 무수한 상처들이 새겨져 있었다. 

그 상처들이 내겐 커다란 구멍처럼 느껴졌다. 한수영은 말했다. 독서라는 건 불규칙적인 구멍을 나름대로 이어나가는 작업이라고. 

만약 그것이 독자가 해야 할 일이라면, 나는 아직 뭔가를 제대로 읽기엔 턱없이 부족한 인간인지도 모른다. 

위이잉. 

품속에서 진동이 느껴졌다. 스마트폰을 열어보니 노란 알림 메시지가 떠 있었다. 

―한동훈 : 형, 괜찮아요? 

은둔한 그림자의 왕, 한동훈이었다. 

나는 잠시 멍해져서 그 메시지를 읽었다. 

―한동훈 : 최근에 인터넷이 잘 안 터져서 연결이 늦었어요. 제 능력으로도 힘들어서... 

꽤 오래전부터 메시지를 보내 왔는지, 메시지는 제법 쌓여 있었다. 

아마 뒤늦게 인터넷이 터지면서 그동안 쌓인 메시지들이 한꺼번에 도착한 듯했다. 

나는 분위기를 바꿀 겸, 유상아에게 그 메시지들을 보여주었다. 

스르르 피어나는 유상아의 미소를 보며, 나는 생각했다. 

그래도, 나도 완전히 무능한 독자는 아닌 모양이라고. 

* 

메신저를 통해 연결이 된 것은 한동훈 하나였지만, 나는 한동훈을 통해 사람들의 소식을 들을 수 있었다. 

―한동훈 : 저희는 용산구 쪽에 있어요. 길영이도 같이 있고요. 

―김독자 : 길영이도 거기 있어? 

―한동훈 : 네. 

주요 일행들의 위치는 대충 파악이 끝났다. 

이현성과 정희원의 위치도 [전지적 독자 시점]을 통해 확인했으니, 중요한 건 다시 모이는 것뿐. 

정민섭이나 이성국 같은 녀석들은 어떻게 되었는지 조금 궁금하긴 했지만, 거기까지 신경 쓰긴 어려웠다. 그래도 사전 지식이 조금은 있는 녀석들이니, 어련히 알아서 헤쳐 가겠지. 

이지혜는······ 뭐, 유중혁이 알아서 할 테고. 

―김독자 : 당분간 용산 벗어나지 말고 있어. 곧 그리로 갈 테니까. 가능하면 다른 사람들이랑도 연락 시도해 보고. 

답장은 돌아오지 않았다. 

아마 또 통신이 끊긴 모양이었다. 

나는 일행들을 돌아보며 말했다. 

“아무래도 슬슬 강을 건너야 할 것 같습니다.” 

현재 우리가 위치한 곳은 한강 이남. 그리고 용산구는 한강 이북에 있었다. 

“저걸 건너자고?” 

한수영이 어이없다는 듯 나를 보며 물었다. 

이상한 일은 아니었다. 나는 그녀와 함께 한강을 바라보았다. 

갸오오오오. 

넘실거리는 물살 사이로 언뜻언뜻 비치는 그림자들. 한때 동호대교 인근을 오가던 어룡들이, 다시 수위가 차오른 한강을 지배하고 있었다. 

줄곧 강을 따라 왔지만 한 번도 건널 생각을 하지 않았던 것은 바로 저 녀석들 때문이었다. 

“천호대교 봤잖아? 죄다 끊겼어.” 

어룡은 7급 괴수종. 잡으려면 못 잡을 것도 없지만, 문제는 숫자였다. 

한두 마리도 아니고, 저만한 숫자를 모조리 상대하려면 며칠이 걸려도 부족할 것이다. 그런 상황에서 헤엄을 쳐서 한강까지 건넌다? 어림도 없는 일이다. 

“일단 강을 따라 이동해 보자. 안 끊긴 곳이 있을 수도 있으니까.” 

우리는 몇 시간을 들여 강의 하류로 이동했지만, 안타깝게도 멀쩡한 다리는 찾을 수 없었다. 

대신 우리가 발견한 것은 한 무리의 방랑자들이었다. 

한수영이 인상을 쓰며 병장기를 쥐려는 순간, 먼저 나선 것은 유상아였다. 그녀가 배낭에서 고기를 꺼내자, 한수영이 짜증을 냈다. 

“지금 뭐하는 거야?” 

“굶주린 사람들이에요.” 

“그래서 뭐? 그거 나눠 주겠다고? 제정신이야? 아포칼립스에 제일 위험한 게 사람이라는 것도 몰라?” 

“전 마음만 먹으면 저 사람들 모두 죽일 수 있어요.” 

순간 유상아의 얼굴에 맴돈 살기에, 한수영이 입을 다물었다. 

“그러니, 마음만 먹으면 저들을 모두 살릴 수도 있어요.” 

유상아는 말없이 괴수종의 고기를 떼어 사람들에게 나눠주었다. 

몇몇 사람들은 그녀에게 감읍하며 고개를 숙였다. 

“야, 저거······.” 

“어차피 남는 거야. 줘도 상관없어.” 

나는 발광을 하려는 한수영을 내버려 두고, 가방에 있던 ‘야나스프레타’ 줄기를 꺼냈다. 

세계가 이 모양이 되었다고 해서 모두가 ‘수렵’이 가능한 것은 아니었다. 

지금쯤 전 세계에서는 온갖 괴수종에 관한 연구가 한창일 것이다. 

내게서 줄기를 받은 남자가 연신 허리를 굽혔다. 

“아! 고맙습니다, 정말······.” 

“아닙니다. 어려울 때일수록 나눠야죠.” 

물론, 나는 유상아와는 본질적으로 다른 사람이다. 내 모든 선행은 결국 계획된 경제활동일 뿐이니까. 

[소수의 사람들이 당신에게 큰 호감을 가집니다.] 

[등장인물 ‘신유인’에 대한 이해도가 상승했습니다.] 

[등장인물 ‘마강철’에 대한 이해도가 상승했습니다.] 

[새로운 인물들이 책갈피에 추가되었습니다.] 

한수영이 비꼬듯 말했다. 

“가식 쩐다 너.” 

“······나도 가끔 착한 일은 해.” 

[성좌, ‘악마 같은 불의 심판자’가 당신의 선행에 감동합니다.] 

[400코인을 후원받았습니다.] 

한수영이 투덜거리며 유상아 쪽을 보았다. 

“젠장, 저런 여자는 소설 속에나 있는 줄 알았는데.” 

동감이 가는 말이었다. 멸망이 오기 전에도 유상아는 현실의 인물이라기보다는 소설의 여주인공 같았지. 

이제 현실이 소설이 되어버렸으니 별다를 것도 없겠지만······. 

그때, 방랑자들 무리 속에 있던 한 아이가 내게 다가왔다. 

길영이 또래 정도로 보이는 여자아이. 

“무슨 일이니?” 

도톰한 볼살에 서양적인 눈매. 영롱한 붉은 기가 감도는 눈동자. 이국적인 귀여움이 물씬 풍기는 얼굴이었다. 

곧장 내 앞까지 온 아이는, 나를 향해 90도로 허리를 숙였다. 

“고맙습니다아.” 

예의가 바른 아이였다. 나는 주변을 돌아보았지만, 아이의 부모로 보이는 이는 보이지 않았다. 내 시선을 눈치 챘는지 아이가 말했다. 

“이제 안 계세요.” 

“두 분 다?” 

아이의 고개가 작게 움직였다. 

나는 조금 당황했다. 

보호자도 없는 어린애가 다섯 번째 시나리오까지 혼자서 살아남다니. 

어디서 뚝 떨어지기라도 하지 않는 한, ‘멸살법’에서는 거의 불가능에 가까운 얘기다. 

······잠깐만, 떨어져? 

내가 [등장인물 일람]을 가동한 순간, 아이가 다시 말했다. 

“그럼 가보겠습니다아.” 

설마 정말 인사만 하러 찾아온 거야? 

나는 아이를 붙잡으려다, 반사적으로 곁에 있던 한수영을 돌아보았다. 

그녀는 마침 다른 곳을 보고 있었다. 

“······조심히 가렴.” 

곧 날이 저물었다. 

나는 잠시 고민하다가 일행들을 불러 모았다. 

“오늘은 이 근처에서 쉬죠.” 

우리는 잠을 청할 만한 장소를 물색했다. 한강 근처는 불을 피워도 추웠기 때문에 반쯤 무너진 폐건물을 이용하기로 했다. 단단히 벼르고 있던 한수영이 유상아를 향해 경고했다. 

“두고 봐. 아까 그 자식들 다시 찾아올 테니까. 우리 무기 탐내던 거 못 봤어? 분명 은혜를 원수로 갚는다니까?” 

한수영은 인간이란 건 다 악인이며, 전부 선의를 악의로 보답하는 쓰레기라고 천명했다. 나는 유상아의 표정을 살피다가 조심스레 덧붙였다. 

“아포칼립스라고 다 나쁜 사람만 있는 건 아냐.” 

“아니, 다 나빠. 거의 다 나쁘다고.” 

그리고 한 시간이 흘렀다. 

“곧 올 거야. 이제 침 질질 흘리면서 올 거라니까.” 

두 시간이 흘렀다. 

“음, 인내심이 강한 놈들이네.” 

세 시간이 흘렀다. 

“······이럴 리가 없는데?” 

마침내 네 시간 뒤, 바깥에서 누군가의 기척이 들리기 시작했다. 

유상아의 표정이 조금 어두워졌고, 한수영이 회심의 미소를 지었다. 

“거봐, 내가 뭐랬어?” 

병장기를 꺼낸 한수영이 으르렁거리는 순간, 누군가가 폐건물 안쪽으로 들어왔다. 

“저······ 계신가요?” 

벌떡 일어나려던 한수영이 멈칫했다. 

찾아온 것은, 어린 여자아이였다. 

낮에 나를 향해 공손히 인사했던 아이. 

살짝 볼이 붉어진 아이가 뭔가를 내밀었다. 

“저, 이거······.” 

어디서 가져 왔는지 돌돌 만 이불보가 그곳에 있었다. 

우리가 추울까 봐, 근처에서 모포를 구해 온 모양이었다. 

한수영은 깜짝 놀란 얼굴이었고, 유상아는 멍한 표정이었다. 

아무리 아포칼립스라 해도 항상 선의가 악의로만 보답받지는 않는다. 

[성좌, ‘악마 같은 불의 심판자’가 자애로운 미소를 짓습니다.] 

[2000코인을 후원받았습니다.] 

일행을 대표해서 나선 것은 유상아였다. 

“고마워, 잘 쓸게.” 

“네에······.” 

“그런데 혼자니? 이렇게 늦은 밤에 돌아다니면 위험해.” 

“지금은 어디든 마찬가지예요.” 

뭘 그런 걸 걱정하냐는 투의 말투에, 유상아의 안색이 어두워졌다. 

“우리랑 같이 있을래?” 

“네?” 

“우리랑 같이 있으면 괜찮을 거야.” 

유상아는 허락을 구하듯 내 쪽을 돌아보았다. 

하지만, 아이의 대답이 더 빨랐다. 

“폐 끼치기 싫어요.” 

꾸벅 고개를 숙인 아이가 쪼르르 달아나려는 순간. 

어디선가 날아온 암기가 아이의 발 앞에 툭 꽂혔다. 깜짝 놀란 아이가 엉덩방아를 찧었고, 한수영의 살벌한 목소리가 이어졌다. 

“잠깐만. 넌 못 돌아가.” 

“지금 무슨 짓이죠?” 

유상아가 한기가 풀풀 흩날리는 목소리로 한수영을 보았다. 그러나 한수영은 나를 보고 있었다. 

“김독자, 어떻게 해야 할지 알지? 너도 그래서 여기 묵자고 한 거잖아?” 

나는 천천히 눈을 감았다. 

젠장, 눈치 못 챘나 싶었는데······. 오산이었다. 보는 족족 [특성 간파]부터 사용하는 이 녀석이 모를 리가 없지. 한수영이 말했다. 

“아하, 또 위선 떨 거야? 상대가 아이라고?” 

“······.” 

“이번에도 착한 역할만 하겠다 이거지? 그럼 악당인 이 몸이 해결해줘야겠네.” 

손을 꺾으며 다가서는 한수영을, 유상아가 막았다. 

“멈추세요.” 

“비켜. 네가 죽일 거야?” 

“갑자기 평범한 애를 왜 죽인다는 거죠?” 

“평범한 애?” 

한수영이 피식 웃더니, 아이를 향해 손을 치켜들었다. 

“멈추라고 했죠.” 

동시에 유상아의 단도가 한수영의 목을 겨누었다. 곧 한수영이 십여 기에 달하는 아바타를 소환했다. 한수영이 으르렁거렸다. 

“김독자, 빨리 설명해. 내가 빡돌아서 다 죽여버리기 전에.” 

······결국 이렇게 되는군. 

나는 한숨을 쉬며 입을 열었다. 

“그 애는······.” 

무구한 눈동자로 나를 올려다보는 아이를 보며, 나는 이루 말할 수 없는 비감을 느꼈다. 

“······닷새 뒤, 서울을 멸망시킬 겁니다.” 

유상아의 눈동자가 흔들렸다. 

만약 못 발견했으면 그냥 넘어갔을 수도 있지만, 이젠 어쩔 수가 없게 되었다. 

이 빌어먹을 시나리오는, 결코 우리가 원하는 해피 엔딩으로 향하지 않는다. 

[성좌, ‘심연의 흑염룡’이 미소를 짓습니다.] 

[다수의 성좌들이 해당 시나리오의 전개에 흥미를 가집니다.] 

성좌들의 메시지가 그토록 증오스럽게 느껴진 것은 오랜만이었다. 

“그 애가, ‘다섯 번째 시나리오’의 마지막 재앙입니다.”


< Episode 19. 특이점 (4) >

그날 밤, 아이는 죽지 않았다. 

유상아가 죽이기를 원하지 않았고, 나 역시 그것에 동의했기 때문이다. 

“······맘대로 해.” 

씩씩거리며 나간 한수영이 사라졌고, 폐건물에는 나와 유상아만이 남았다. 아이는 [점혈]로 잠깐 재워둔 상태였다. 유상아는 잠든 아이의 머리를 쓸어 주더니 어두운 목소리로 입을 열었다. 

“이 애가 ‘재앙’이라고요?” 

“네.” 

“그것도 독자 씨 능력으로 알아내신 건가요?” 

“비슷합니다.” 

나는 ‘멸살법’에 나오던 문장을 떠올렸다. 

「다섯 번째 시나리오의 마지막 재앙. ‘범람의 재앙’은 가장 위험하고, 가장 슬픈 재앙이다.」 

유상아가 입술을 깨물며 물었다. 

“[질문의 재앙] 같은······ 그런 건가요?” 

“비슷하지만, 조금 다릅니다.” 

범람의 재앙. 

그녀가 만약 본연의 힘을 모두 낸다면, [질문의 재앙]은 비교도 되지 않는 재앙이 찾아올 것이다. [질문의 재앙]은 고작해야 강동구를 반파시키는 수준에서 잡혔지만, [범람의 재앙]은 그 정도가 아니다. 

그녀가 전력을 낸다면, 서울은 1시간도 채 되지 않아 멸망하게 된다. 

“하지만 아무리 봐도 재앙같이 보이지는 않아요. 고작 닷새 만에, 이 아이가 재앙이 될 수 있을까요?” 

사실, 현시점에서 보면 유상아의 말은 맞다. 

지금의 그녀는 재앙이 아니다. 

[전용 스킬, ‘등장인물 일람’을 발동합니다!] 

+ 

<인물 정보> 

이름 : 신유승 

나이 : 11세 

배후성(背後星) : 없음(현재 2개의 성좌가 관심을 보이고 있습니다). 

전용 특성 : 비스트 테이머 (희귀), 반성적 살해자 (일반) 

전용 스킬 : [길들이기 Lv.5], [다종 교감 Lv.7], [기민한 발 Lv.6], [이종 호의 Lv.4] 

성흔 : 없음 

종합 능력치 : [체력Lv.12], [근력Lv.12], [민첩Lv.16], [마력Lv.24] 

종합 평가 : 준수한 마력 성장치를 가지고 있지만, 전체적으로 능력치가 낮습니다. 뛰어난 재능과 희귀한 특성을 가지고 있지만, 유약한 성정 때문에 성좌들의 주목을 받지 못하고 있습니다. 

+ 

신유승. 

이 아이의 이름은, 이 아이가 틀림없는 ‘재앙’이라는 것을 보여주고 있었다. 

이 아이는 닷새 뒤 반드시 서울을 파괴하게 된다. 

유상아의 말이 이어졌다. 

“재앙들은 운석에서 부화한다고 들었어요. 그런데 이 아이는 운석에서 부화한 것도 아니고······.” 

“맞습니다. 이 아이는 운석에서 부화하지 않았죠. 이 애는 그냥 지구에서 태어나 자란 지구인입니다. 닷새 뒤에도 계속 지구인일 거예요.” 

“그럼 대체 왜······.” 

“[질문의 재앙]도 본래는 지구 출신이었죠.” 

유상아의 눈동자가 커졌다. 

“이 아이도 설마 [질문의 재앙]처럼······.” 

“맞기도 하고 아니기도 합니다.” 

“네?” 

지구 출신의 모든 ‘재앙’은 곧 [귀환자]들이다. 다른 세계를 멸망시키고 돌아온 파괴자들. 이 아이 또한 [클로노스]를 멸망시켰으니 귀환자라고 할 수 있을 것이다. 하지만 그것만이 전부는 아니다. 

클로노스의 다섯 재앙 중에서도 이 아이는 특별하다. 

그리고, 가장 위험하다. 

“재앙으로 찾아오는 것은 이 아이가 아니라, 이 아이의 미래입니다.” 

“미래라고요?” 

“이 아이는, 수십 년 뒤의 미래에서 지구를 끝장내기 위해 돌아오는 겁니다.” 

지금은 착하고 순수하며, 심지어 예의까지 바른 이 아이는 훗날 세계에서 가장 끔찍한 재앙 중의 하나가 된다. 

“한수영이 아이를 죽여야 한다고 말한 것은 그 때문입니다. 지금 이 아이를 죽여야만, 다가올 아이의 ‘미래’를 없앨 수 있거든요.” 

그리고 그 재앙은, 유중혁조차 막을 수 없다. 

* 

「유중혁은 자신의 가슴에 뚫린 공허한 구멍을 바라보았다. 당장 [기사회생]을 쓰지 않고서는 회복이 불가능한 상처. 그는 분노한 얼굴로 그 상처를 만들어 낸 여자를 향해 물었다. 

“신유승. 왜······ 생각이 변한 거냐?” 

“변해? 나는 변하지 않았어.” 

신유승이 웃었다. 

“나는 대장이랑은 다르게 세계선의 회귀자가 아냐. 나는 시나리오의 톱니바퀴에 갇힌 장난감일 뿐. 지금의 나는, 과거 회차의 대장이 만났던 ‘재앙’과 똑같은 인격이야.” 

“그럼 대체 왜······.” 

“지금이 3회차라며? 2회차에서도 기회는 줬을 거 아냐. 그런데 또 대장은 실패한 거고. 그렇게 많은 정보를 줬는데도, 또 실패했다는 거지.” 

신유승은 무표정한 얼굴로 유중혁을 향해 슬픈 미소를 지었다. 

“이 세계는 변할 수 없어. 대장은 그대로고, 아무것도 바뀌지 않아.” 

신유승이 하늘의 그레이트 홀을 올려다보며 말했다. 

“그래서 생각한 거야. 역시, 이 세계는 여기서 끝나야 한다고.”」 

간만에 ‘멸살법’을 정독하고 있자니, 또 스멀스멀 옛날 감성이 밀려온다. 

역시 ‘멸살법’은 이 맛에 보는 거지. 

“야, 뭐하냐?” 

들려온 목소리에, 나는 스마트폰을 껐다. 한수영이었다. 

“어쩌기로 했어?” 

“생각 중이야.” 

우유부단한 내 목소리에, 한수영이 눈살을 찌푸렸다. 

그녀는 얼마간 떨어진 유상아와 신유승을 신경 쓰며 속삭였다. 

“잊었어? 3회차에서 유중혁은 마지막 재앙한테 거의 죽을 뻔한다고.” 

“죽진 않았잖아.” 

“그게 그거지. 중요한 건 정면으로 싸우면 못 이기는 싸움이었다는 거야.” 

한수영의 말은 사실이다. 

3회차의 유중혁은, 실제로 신유승에게 죽을 뻔하게 된다. 

“만약 그때 망상악귀 김남운이 쟤를 죽이지 않았으면······.” 

그리고 그때 신유승을 죽였던 망상악귀는, 불행히도 이번 회차에는 없다. 

“난 분명히 말했다, 반대라고. 그리고 경고하는데, 나만 그렇게 생각하는 것도 아닐걸?” 

[고구마를 싫어하는 일부 성좌들이 속을 태웁니다.] 

[성좌, ‘긴고아의 죄수’가 고구마를 대비해 탄산을 준비합니다.] 

[성좌, ‘악마 같은 불의 심판자’가 당신의 현명한 판단을 기대합니다.] 

아무래도 이번 대화는, 제대로 필터링이 안 된 모양이다. 

슬슬 미래 정보의 필터링이 조금씩 풀릴 때도 됐으니······. 

신유승과 이야기하며 한숨을 푹푹 쉬어대던 유상아가 이쪽으로 다가왔다. 

“독자 씨, 아무리 생각해도 이건 아니에요.” 

그녀는 간절한 얼굴이었다. 

“아직 일어나지 않은 미래잖아요. 여기서 우리가 이 아이를 잘 돌보면, 재앙이 되지 않을 수도 있지 않을까요? 그러니까 나비 효과 같은 게 일어나서······.” 

일리가 없는 말은 아니다. 

이 세계에 찾아오는 것은 ‘미래의 신유승’. 

그리고 지금 이 세계는, 신유승의 미래를 만든 ‘최초의 세계선’이다. 

즉, 지금의 신유승을 변화시킨다면, 그 재앙은 찾아오지 않을 수 있다. 어디까지나 이론상으로는 그렇다는 얘기다. 

신유승을 죽여서 재앙을 막는 것도 같은 이치니까. 

하지만. 

“이 아이를 재앙으로 만드는 사건은 먼 미래에 발생합니다. 지금의 우리가 어떻게 할 수 있는 일은 아니에요.” 

나비효과라는 건 그렇게 쉽게 일어나지 않는다. 

태평양에서 나비가 날개짓을 하면 지구 반대쪽에서 태풍이 분다? 

그건 이론상으로나 가능한 얘기다. 

중요한 것은 그 날개짓이 ‘태풍’이 되기까지의 시간이니까. 

유상아의 표정이 급격하게 시무룩해졌다. 

“그래도 혹시 모르잖아요······.” 

“다시 말씀드리지만, 현시점에서는 불가능합니다. 그리고 설령 우리가 이 아이를 변화시킨다고 해도······ 닷새 뒤에 찾아올 재앙이 바뀌진 않습니다.” 

실제로 중후반 회차의 유중혁도 몇 번인가 비슷한 시도를 했었다. 가장 먼저 신유승을 찾아냈고, 그녀를 달래 재앙을 막아보려 했었다. 하지만 모두 실패했다. 지금의 신유승에게 어떤 변화를 줘도, 닷새 뒤에 미래의 신유승은 찾아온다. 

그리고 그녀는, 서울을 멸망시킨다. 

유상아의 목소리에 조금씩 힘이 빠졌다. 

“······왜 이 아이는 재앙이 되는 걸까요? 미래에 대체 무슨 일이 있었길래.” 

“거기까진 저도 잘 모르겠습니다.” 

물론 나는 그 대답을 알고 있었다. 

하지만 굳이 이야기하지는 않았다. 

대신 나는 바닥에 주저앉아 고기를 뜯고 있는 아이를 향해 다가갔다. 

“맛있니?” 

“······네.” 

멀리서, 나를 바라보는 유상아와 한수영의 시선이 느껴졌다. 

‘아니죠?’ 

‘죽여.’ 

‘그러지 않을 거죠?’ 

‘죽이라고.’ 

사실, 지금 신유승을 죽인다고 해서 결말까지 가는 중요한 부분이 훼손되지는 않는다. 그리고 지금 신유승을 죽이지 않으면, 조금만 실수해도 서울은 끝장난다. 

즉, 단기적으로 보면 신유승을 살리는 것은 손해다. 

고기를 뜯던 신유승이 알 수 없는 눈빛으로 나를 바라보았다. 

“아저씨는 미래를 볼 수 있는 건가요?” 

“······응?” 

“저······ 미래에 굉장히 나쁜 사람이 되는 거죠?” 

아마, 우리 대화를 엿들은 모양이었다. 

나는 솔직히 답해주었다. 

“아마도.” 

“얼마나 나쁜 사람인가요?” 

“아마 서울에서는 제일 나쁜 사람이겠지.” 

“조커나 타노스만큼 나빠요?” 

“그럴지도 몰라.” 

신유승이 힘없이 고개를 숙였다. 

“이상한 일도 아니네요.” 

“왜?” 

“전 이미 나쁜 사람이거든요.” 

말하지 않아도 무슨 이야긴지 알 것 같았다. 

어린 신유승이 이 세계에서 살아남을 수 있었던 이유를, 나는 이미 알고 있으니까. 

[등장인물 ‘신유승’에 대한 이해도가 상승합니다.] 

[전용 스킬, ‘전지적 독자 시점’ 2단계가 발동합니다!] 

「내가 죽였어.」 

그녀는 ‘첫 번째 시나리오’에서 살아남기 위해, 자신이 기르던 강아지를 죽였다. 

「미안해요.」 

이미 습격당해 쓰러진 노인에게서 외투를 훔친 일. 

자신의 그린존을 지키기 위해서 자신을 늘 보살펴 주던 여자를 따돌린 일. 

누군가에게 쫓기던 남자를 무리에게 넘기고 식량을 얻은 일. 

사실 이런 세계에서 누구나 저지를 법한 일들이었다. 

하지만 누구나 그런 일들을 합리화할 수 있는 건 아니었다. 

「벌을 받을 거야. 살아 있을 가치 따위 없어.」 

공포에 떨던 아이의 눈동자가 조금씩 의연해진다. 죽음을 결심한 사람의 표정은 아이나 어른이나 다를 것이 없다. 

“저······ 죽이셔도 돼요. 준비됐어요.” 

내가 이 이야기의 주인공이었다면, 나는 지금 망설임 없이 신유승을 죽였을 것이다. 

하지만 나는 독자고. 

독자는 독자의 선택을 한다. 

물론 나는 작가가 아니기에, 내 입에서 나오는 이야기는 그저 뻔한 것들뿐이다. 

나는 신유승의 머리를 짚으며 말했다. 

“걱정 마. 내가 바라는 결말에 네 죽음은 없으니까.” 

만약 이 아이를 죽인다면, 유중혁의 회귀는 아무런 의미도 없게 된다. 과거를 바꾸기 위해 맞서 싸워야 할 자가, ‘미래가 정해져 있다는 이유로’ 누군가를 죽인다면, 그게 대체 무슨 의미가 있단 말인가. 

그러니 나는 유중혁을 위해, 이 아이의 죽음을 막을 것이다. 

아이의 눈동자가 흔들렸다. 

[등장인물 ‘신유승’이 당신에 대해 희미한 신뢰를 보입니다.] 

[등장인물 ‘신유승’에 대한 이해도가 상승합니다.] 

“하지만, 제가 죽어야······.” 

“재앙을 막을 수 있는 방법은 있어.” 

뒤쪽에서 한수영이 한숨을 쉬는 소리가 들려왔다. 

곁에서, 유상아가 입술을 꼭 깨문 채 나를 보고 있었다. 

“네가 도와준다면 가능해.” 

애초에 내가 바라는 결말은 불가능하다. 

하지만 작은 불가능들을 하나씩 가능으로 바꿔 나가다 보면, 언젠가 불가능한 결말도 가능한 결말로 바뀔지도 모른다. 그리고 신유승은, 그 불가능한 이야기에 대한 작은 초석 중 하나가 될 것이다. 

나는 곧바로 비형에게 부탁해 [도깨비 보따리]를 열어, 몇 가지 아이템을 구매했다. 

신유승이 자신 없는 투로 중얼거렸다. 

“하지만 제가 뭘 할 수 있을까요? 저는 그냥 애고, 배후성도 없는······.” 

“배후성이 왜 없어?” 

[당신은 화신 ‘신유승’에게 ‘성장 패키지Ⅰ’을 후원하였습니다.] 

신유승의 입이, 멍하니 벌어졌다. 

[당신은 화신 ‘신유승’에게 ‘성장 패키지Ⅱ’를 후원하였습니다.] 

[당신은 화신 ‘신유승’에게 ‘신규 시나리오 기념 패키지’를 후원하였습니다.] 

······. 

계속해서 이어지는 메시지. 신유승의 안색이 파랗게 질렸다. 

“이, 이게 다······.” 

“괜찮아, 나 돈 많아.” 

“아저씨는······ 대체 누구세요?” 

“난 독자야. 김독자.” 

나는 현실감을 잃은 아이의 머리를 툭툭 두들겨 주며 말했다. 

“앞으로 닷새 안에 너는 여기 있는 누구보다 강해질 거야.” 

내 말은 사실이었다. 

비스트 로드(Beast lord) 신유승. 

이 아이는 훗날, 이 세계 최강의 100인 중 하나가 된다. 

언젠가 재앙이 될 수도 있는 이 아이는, 이번 회차에서 내 ‘첫 번째 화신(化神)’이 될 것이다.

< Episode 19. 특이점 (5) >

잠깐 잠이 들었나 싶었는데, 눈을 떴을 때는 아직 이른 새벽이었다. 

[성좌, ‘악마 같은 불의 심판자’가 당신의 화신을 돌볼 것을 종용합니다.] 

우리엘이 보낸 메시지에 나도 모르게 잠에서 깨어났다. 

젠장, 어제 ‘배후성 선언’을 하고부터 성좌들은 계속 저 모양이다. 

[성좌, ‘긴고아의 죄수’가 당신의 선택에 껄껄 웃습니다.] 

사실 말이 배후성이지, 아직 설화도 제대로 못 쌓은 마당에 진짜 배후성이 될 수 있을 리는 없었다. 성흔 하나 못 빌려주는 성좌가 배후성은 무슨 배후성이겠어. 그래도 내가 어지간한 위인급 보다 돈은 많을 거다. 

[상당수의 성좌들이 당신의 선택에 호기심을 갖습니다.] 

[일부 성좌들이 당신의 행동을 건방지다고 생각합니다.] 

내 화신 등록 선언에 성좌들의 반응은 크게 둘로 나뉘었다. 

좋아하는 쪽은 아마 ‘화신 찾기’ 집단일 것이고, 건방지다고 생각하는 쪽은 ‘유희 찾기’ 집단, 그중에서도 나를 싫어하는 녀석들이겠지. 

물론 개중 어느 쪽인지 정체가 불분명한 녀석도 하나 있었다. 

[성좌, ‘은밀한 모략가’가 당신의 전략을 흥미롭게 지켜봅니다.] 

[1000코인을 후원받았습니다.] 

처음 수식언을 봤을 때는 위인급 성좌라고 생각했는데, 최근에 저 녀석을 보면서 생각이 좀 바뀌었다. 평균적인 후원 규모도 그렇고, 저 여유도 그렇고. 저 녀석은 최소 ‘설화급’ 이상이다. 하지만 ‘멸살법’을 아무리 찾아봐도 ‘은밀한 모략가’라는 이름은 없었다. 

그렇다면 이계의 성좌거나, ‘멸살법’에서는 제대로 다뤄지지 않은 녀석이란 얘긴데. 대체 누구지? 

우우우웅. 

어젯밤부터 신유승은 폐건물의 한쪽 구석에서 스킬을 맹연습 중이었다. 신유승은 내가 준 마력 회복 물약을 한가득 쌓아 놓고, 근처에서 잡아온 새끼 그롤에게 계속해서 스킬을 걸고 있었다. 

크르! 크르르르! 

신유승에게서 뻗어 나온 희미한 기운이 그롤의 표피를 쓰다듬고 있었다. 이길영에게서 봤던 [다종 교감]의 힘이었다. 

나는 눈 밑에 시커멓게 다크서클이 내려온 신유승을 보며 물었다. 

“유승아, 잠은 좀 잤어?” 

“아직이요.” 

“안자면 패널티 받는 거 몰라? 잠 좀 자라.” 

“······조금만 더 하고요.” 

[등장인물 ‘신유승’이 ‘다종 교감 Lv.8’을 발동 중입니다.] 

[등장인물 ‘신유승’이 ‘길들이기 Lv.7’를 발동합니다!] 

그러나 신유승의 집중력은 곧 흐트러졌다. 

[‘길들이기’가 실패하였습니다!] 

[괴수가 미쳐 날뛰기 시작합니다!] 

한순간 통제에서 벗어난 그롤은 신유승에게 달려들었다. 내가 움직이기도 전에, 곁에서 잠꼬대를 하던 한수영이 암기를 날렸다. 

휘이익! 콰악! 

새끼 그롤은 그대로 폐건물의 벽에 박혀 숨을 거두었다. 

한수영이 잠꼬대를 하며 돌아누웠다. 허탈한 얼굴로 호흡을 다스리는 신유승을 향해 내가 물었다. 

“잘 안돼?” 

“······네.” 

신유승은 침울한 표정이었다. 하긴. 

[전용 스킬, ‘등장인물 일람’을 발동합니다!] 

요약 버전으로. 

+ 

<등장인물 요약 일람> 

인물 : 신유승 

전용 특성 : 비스트 테이머 (희귀), 반성적 살해자 (일반) 

전용 스킬 : [길들이기 Lv.7], [다종 교감 Lv.8], [기민한 발 Lv.8], [이종 호의 Lv.6] 

성흔 : 없음 

종합 능력치 : [체력Lv.19], [근력Lv.14], [민첩Lv.44], [마력Lv.45] 

* 현재 성장 패키지Ⅰ을 적용 중입니다. 

* 현재 성장 패키지Ⅱ을 적용 중입니다. 

* 현재 신규 시나리오 기념 패키지를 적용 중입니다. 

+ 

역시 성장 패키지를 두 개나 갈아 넣었더니 스킬 성장 속도가 엄청났다. 

게다가 특성 진화를 촉진시키는 신규 시나리오 기념 패키지까지. 모르긴 몰라도 한반도의 화신들 중에 이만한 패키지 지원을 받는 녀석은 거의 없을 것이다. 

본래 재능도 있는 녀석이니까 다종 교감은 조만간 10레벨을 돌파해 ‘상급 다종 교감’으로 진화하겠지. 

문제는 이만한 능력치를 가지고 고작 8급 괴수종인 그롤 하나 제대로 못 길들이고 있다는 것. 사실 시스템적으로 있을 수 없는 이야기였다. 신유승이 면목 없다는 듯 고개를 숙였다. 

“······전 재능이 없나봐요.” 

네가 재능이 없는 거면 난 그냥 자살해야 할 거다. 

“걱정 마. 넌 재능 있어.” 

기껏 얻은 귀한 화신이 좌절하고 있도록 내버려 둘 수는 없다. 

아마 신유승이 제대로 힘을 못 쓰는 것은, 그녀의 트라우마 때문일 것이다. 

“뭐 마음에 걸리는 일이라도 있어?” 

“······무서워서요.” 

무엇이 무서운지를 추측하는 건 그리 어려운 일이 아니었다. 

“괴수는 반려동물이 아니야.” 

“저도 알아요.” 

“그래도 반려로 삼아도 괜찮을지도 몰라. 얘들 튼튼하고 강하거든.” 

신유승은 자신이 기르던 강아지를 자기 손으로 죽였다. 

그리고 살아남았다. 

그 사실이, 지금까지도 이 아이의 마음속 깊이 남아있는 것이다. 

나는 잠시 고민하다가 말했다. 

“그거 아니? 시나리오를 다 깨면 소원을 이룰 수 있는데······.” 

“아저씨는 거짓말할 때 얼굴에 티 나요. 콧구멍이 커져요.” 

그러고 보니 길영이도 그런 말을 했었지. 

[다종 교감]이 가능한 아이들은 신체 언어에 민감한 것인지도 모른다. 

나는 그냥 깡패처럼 나가기로 했다. 

“······뭐 어쩌라는 거냐?” 

“잘 할 수 있겠죠?” 

“잘 할 수 있어.” 

“그렇게 성의 없이 말하지 말고······.” 

“내가 선택했으니까.” 

신유승의 눈동자가 흔들렸다. 

“나는 서울 대신 널 택했어. 그리고 후회하지 않아.” 

“······.” 

“넌 누구보다 잘 할 수 있어.” 

잠시 나를 올려다보던 신유승이 이내 고개를 숙인 채 손가락을 쥐었다 폈다 했다. 그러더니 내 얼굴을 요모조모 뜯어보기 시작했다. 

“아저씨, 제가 정말 강해지면······.” 

“강해지면?” 

한참이나 망설이던 신유승이 옅게 웃었다. 

“아무것도 아니에요. 다시 열심히 해볼게요.” 

그리고는 돌아서서 스킬을 시전하는 신유승. 

······갑자기 뭔가 기분이 찜찜한데. 

문득 원작에서 신유승이 어떤 녀석이었는지 떠올랐다. 

「“중혁 오빠 잘생겼어요.”」 

「“중혁 오빠 최고예요.”」 

「“중혁 오빠가 제일 좋아요.”」 

······이 녀석, ‘멸살법’의 원작에서는 유중혁의 팬이었지. 

나이가 나이인지라 당연히 히로인 후보는 아니고, 그냥 졸졸 쫓아다니는 여동생 포지션이었다. 

내 기억으로는 유미아랑 엄청 다퉜던 거 같은데······. 

그렇게 생각하니 갑자기 조금 걱정이 된다. 

이렇게 열심히 키웠는데, 나중에 유중혁한테 빼앗기면 어떡하지? 

문득 고개를 돌려 보니, 한수영이 기지개를 켜며 일어나고 있었다. 나와 눈이 마주친 한수영이 픽 고개를 돌렸다. 

저 녀석, 어제부터 온종일 뾰로통한 상태다. 

“야.” 

“왜.” 

“계속 삐져 있을 거냐?” 

“나한테 말 걸지 마.” 

“뭐 하나 물어보고 싶은 게 있는데.” 

물어보고 싶은 거라는 말에, 한수영의 눈썹이 움직였다. 

나는 신유승에게 들리지 않도록 소리를 낮춰 물었다. 

“······나 정도 외모면 어떻냐? 유중혁이랑 비교해서.” 

한수영이 귀에 벌레라도 들어간 듯한 표정으로 나를 바라보았다. 

“대체 무슨 의도로 묻는 건데?” 

“아니, 순수하게 정말 궁금해서 그래.” 

고등학교를 졸업한 이후, 한 번도 내가 어떻게 생겼느냐에 대해 관심을 가져본 적이 없었다. 

그런데 전에 만났던 유중혁 동생도 그렇고, 예전 선지자들의 반응까지 생각해 보면, 뭔가 전부 나를 못생겼다고 생각하는 것 같다. 

화장실에서 가끔 셀카 찍어 보면 나도 못생긴 얼굴은 아니라고 생각하는데. 

[바람기 많은 한 성좌가 당신을 측은하게 바라봅니다.] 

“그냥 삶을 받아들여.” 

“아니, 위로받고 싶어서 한 말이 아니라, 그냥 궁금해서······.” 

“지금 해줄 수 있는 건 위로뿐이다.” 

제길. 

“······그 정도냐?” 

나는 조용히 신유승 쪽을 바라보았다. 

결심했다. 

절대로 저 애랑 유중혁을 만나게 해선 안 된다. 

* 

우리는 시간이 날 때마다 주변의 괴수종들을 사냥했고, 코인을 모았다. 

나는 코인이 모이는 족족 신유승에게 투자했는데, 덕분에 신유승의 능력치는 놀라울 정도로 빠르게 성장하고 있었다. 

코인은 주로 민첩과 마력에 사용했다. 

[기민한 발]과 [길들이기] 그리고 [다종 교감]을 최대치로 활용하기에는 그 두 능력치가 제일 중요했기 때문이다. 

다시 하루가 저물고 밤이 될 무렵, 신유승은 마침내 [상급 다종 교감]을 터득했다. 그러나 여전히 ‘길들이기’는 성공하지 못했다. 신유승이 물었다. 

“······미래의 나는 훨씬 더 강하겠죠?” 

물론이다. 

정면으로 싸우면 지금의 신유승은 상대도 안 된다. 

하지만, 지금 집중적으로 수련을 하면 적어도 미래의 신유승이 가진 중요한 능력을 봉인할 수 있다. ‘범람의 재앙’이 위험한 것은 그녀가 혼자의 힘으로 하나의 군세를 이끌 수 있기 때문. 

“아직 오지도 않은 미래보다, 현재의 너를 좀 더 믿도록 해.” 

미래의 신유승이 할 수 있다면 현재의 신유승에게도 가능성은 있다. 

게다가 그녀가 자신의 미래와 대적하는 것만으로, 우리에게 승산은 있다. 

왜냐하면 미래의 신유승은, 절대로 현재의 신유승을 죽일 수 없을 테니까. 

“잘 먹었습니다.” 

뼈까지 깨끗하게 발라 먹은 그롤 고기를 치우며, 유상아가 짧게 기도를 했다. 

“유상아 씨 종교 있었어요?” 

“아뇨, 무교에요.” 

“그럼 왜 기도를······.” 

“올림포스의 신들한테 했어요.” 

너무 현실적인 기도라서 나는 조금 벙쪘다. 

그러고 보니 우리가 아는 신들이 현실이 되었으니, 이제 기도의 대상도 굉장히 명확해진 셈이다. 

“오늘은 저랑 한수영이 먼저 불침번을 설게요. 유상아 씨가 먼저 주무세요.” 

“그래도 괜찮겠어요?” 

“네.” 

유상아는 꾸벅 고개를 숙이며 먼저 잠에 들었다. 한수영은 그녀와 반대쪽 벽에 기대어 앉아 스마트폰을 만지작거리고 있었다. 

불편할 수밖에 없다. 

우리는 본래 적이고, 한수영의 사상은 유상아의 대척점에 서 있으니까. 

앞으로 무슨 일을 하든, 두 사람은 협력하기보다는 반목할 일이 많을 것이다. 

피곤에 절은 신유승까지 잠들자, 고적한 밤 위에는 타닥타닥 불씨를 일으키는 모닥불 소리만이 남았다. 한수영이 먼저 말했다. 

“너도 자.” 

바닥에 누웠지만 잠은 쉽게 오지 않았다. 

이제 다섯 번째 시나리오 시작까지 남은 시간은 나흘. 

신유승은 별다른 진척이 없었고, 오늘 낮에는 강서 지역에서 메시지가 들려왔다. 

[누군가가 서쪽에서 강림한 ‘얼음의 재앙’을 처치하였습니다.] 

라는 메시지였다. 

누가 처치했는지는 물어볼 필요도 없었다. 

만약 그대로 강림했다면 서울 일대를 빙하기로 만들었을 재앙을, 유중혁이 직접 나서서 막아낸 것이다. 

아마 이현성과의 조우도 무사히 끝냈겠지. 

타오르는 불씨를 보던 한수영이 문득 입을 열었다. 

“야, 하나 궁금한 게 있는데.” 

“너 못생겼어.” 

한수영이 인상을 찌푸렸다. 

“누가 그딴 거 궁금하댔냐? 좀스런 새끼.” 

“······그럼 뭔데?” 

“넌 대체 뭘 하고 싶은 거야?” 

“뭘 하다니?” 

“목적이 뭐냐고. 매번 너 볼 때마다 이상해서. 왕좌 박살 낸 것도 그렇고, 쟤 안 죽이는 것도 그렇고······ 넌 대체 뭘 하려는 거야?” 

“원하는 결말이 있어.” 

“결말?” 

나는 고개를 가볍게 끄덕였다. 의외로 한수영은 더 캐묻지 않았다. 대신 그녀는 다른 말을 꺼냈다. 

“나도 쓰고 싶은 결말이 있었는데.” 

“네 소설?” 

“응.” 

“나도 뭐 하나만 물어보자.” 

“뭔데?” 

“왜 표절했어? 너 원래 글 잘 쓰잖아.” 

“표절 아니라니까? 너 ‘멸살법’을 무슨 성경처럼 생각하는 것 같은데, 그것도 다 어디서 따온 소설이거든? 초월적 존재들의 후원. 생존 미션. 게임 시스템에 회귀자 주인공. 요즘 그런 거 안 쓰는 소설 찾기가 더 어렵지 않냐?” 

“네 거랑 제일 비슷하니까 문제지.” 

“그것도 다 이유가 있어. 내가 이야기 하나 해줄까? 옛날 옛날에 한 가난한 소녀가 있었는데······.” 

“가난에 찌든 문학소녀가 자신의 꿈에 좌절하고 먹고 살길을 찾다가 결국 남의 소설을 표절하게 된 이야기라면 사양할게.” 

멍하니 입을 벌린 한수영이 입술을 실룩였다. 

“너 사실 다른 사람 마음 읽을 수 있지?” 

“······어?” 

“아무튼, 그 뭔가 비슷한 게 가능하잖아. 그렇지?” 

“내가 무슨 신인 줄 아냐? 그딴 스킬이 있으면 지금 이렇게 고생 안 했지.” 

[인물 ‘한수영’이 ‘거짓 간파 Lv.3’를 사용 중입니다.] 

[인물 ‘한수영’이 해당 발언이 거짓임을 확인하였습니다.] 

한수영이 킥킥 웃으며 물었다. 

“혹시 나한테도 가능하냐?” 

나는 대답하지 않았다. 

“뭐, 말 안 해도 돼. 아무튼 그거 가능하면, 지금 내 마음도 읽어봐.” 

“못 읽는다니까.” 

“나, 사실 표절 안 했어.” 

내가 수상한 눈빛으로 한수영을 바라보자, 한수영은 보란 듯이 자신에게 [거짓 간파]를 사용했다. 

[인물 ‘한수영’이 해당 발언이 진실임을 확인하였습니다.] 

······뭐? 

“‘멸살법’을 읽은 건 맞는데, 비슷하게 쓴 건 그냥 우연이야. 난 내가 꿨던 꿈을 그대로 옮겨 적은 것뿐이라고.” 

[인물 ‘한수영’이 해당 발언이 진실임을 확인하였습니다.] 

······무슨 소린가 했더니, 이 녀석 이젠 무의식을 방패로 삼고 있다. 

“어쨌든 봤잖아. 봤으니 꿈을 꾼 거겠지.” 

“그럴지도 모르지. 그런데······.” 

머뭇거리던 한수영이 말을 이었다. 

“요즘 가끔 그런 생각이 들어.” 

“무슨 생각?” 

“만약 이 현실에 원작이 있고, 내가 그 원작의 재현에 불과하다면, 애초에 나란 존재는 원작의 표절이 아닐까, 하는······.” 

“뭔 헛소리야? 그래서 너 표절 안 했다 이거냐?” 

“누가 뭐래? 그냥 그런 생각도 들었단 얘기야.” 

사실 나도 안 해본 생각은 아니었다. 애초에, ‘멸살법’이 현실이 되었을 때부터 줄곧 들었던 생각이었다. 

이 세계는 소설 위에 덧씌워진 현실일까. 

아니면 현실이 소설로 바뀌고 있는 것일까. 

나는 고개를 휘휘 저으며 일어났다. 

“야, 불침번 바꾸자. 너부터 자라. 그런 머리 아픈 이야기 자꾸 꺼내면 채널에 성좌들 줄어든다고.” 

“······안 그래도 요즘 너랑 같이 다니면서 성좌들 후원 줄었어.” 

“그건 네가 자꾸 암 걸리는 짓을 하니까 그렇지.” 

우리는 그 후로도 서로를 향해 몇 마디를 더 쏘아붙였고, 이내 입을 다물었다. 폐건물의 벽에 기댄 채, 나는 코를 골며 잠든 한수영을 바라보았다. 

우습지만 그런 생각이 들었다 

그래도 저 녀석이 있어서 조금은 다행인지도 모른다. 

적어도 이 세계가 ‘소설’이라는 걸 아는 것이 나 혼자만이 아니라는, 그런 기묘한 위안. 

그러다 어느 순간 나는 깜빡 졸았다. 

너무 피곤했기 때문일 수도 있고, 예상치 못한 위로에 방심한 것일 수도 있다. 아무튼 나는 그렇게 잠들고 말았다. 짧았지만 달콤한 잠이었다. 하지만 나는 잠들지 않았어야 했는지도 모른다. 

다음 날 눈을 떴을 때, 한수영은 싸늘한 주검이 되어 있었다.

< Episode 20. 범람의 재앙 (1) >

식은 한수영의 맥을 짚는 순간, 심장이 덜컥 내려앉았다. 

한수영이 죽었다는 사실보다, 내가 놀랐다는 사실에 더 놀랐다. 

조금씩 이성이 돌아온 것은 잠시 후의 일이었다. 

“······독자 씨?” 

뭔가를 눈치챘는지, 유상아도 자리에서 일어났다. 

나는 유상아의 도움을 받아 죽은 한수영의 주검을 살폈다. 

“상처는 없어요.” 

상황은 오리무중이 되었다. 

상처가 없다. 그렇다면 독인가? 

중독 흔적도 없이 한수영을 죽일만한 독이라면 무형지독 뿐이다. 

그런데 그런 독이 지금 풀렸을 리가 없다. 

의문은 그뿐이 아니었다. 

독을 썼다면 왜 나머지는 무사하단 말인가? 

설령 그런 독을 보유한 녀석이 있어도 한수영만을 골라서 독을 뿌릴 이유가 없다. 

애초에 내가 갑자기 잠이 든 것부터가 이상하다. 

······잠깐만, 잠이 들어? 

“으······ 죄송해요. 제가 너무 많이 잤죠.” 

부스스 눈을 뜨는 신유승의 모습이 보인다. 

나는 문득 유상아를 돌아보았다. 

“혹시 유상아 씨도 계속 주무셨습니까?” 

“······네.” 

유상아가 부끄럽다는 듯 얼굴을 붉혔다. 유상아도 못 일어났다면, 어젯밤 우리 중 불침번은 아무도 없었다는 이야기가 된다. 즉 마지막 불침번인 내가 잠들면서 모두가 잠들었다는 것. 

바보였다. 

내 의심은 ‘누가 어떻게 한수영을 죽였을까’가 아니라, ‘내가 왜 잠에 들었을까’부터 출발해야 했다. 

수면 마법? 

아니다. 그런 마법은 귀환자나 즐겨 쓰니까. 

점혈? 

쓴다고 해도 내 감각을 속일 수 있어야 한다. 

결국 남은 답은 하나뿐이다. 

화톳불 쪽으로 다가가자, 어제 먹었던 그롤의 뼈가 늘어져 있는 것이 보였다. 

일행 모두가 잠들었다면, 가장 가능성이 있는 것은 이쪽뿐. 

깨끗이 발라 먹은 뼈무덤을 치우자, 바닥에 부스스 떨어진 녹색 가루들이 눈에 띄었다. 

‘야나스프레타의 줄기.’ 

역시나. 이게 아니고서야 이렇게 될 리가 없다. 누군가 그롤의 고기에 줄기 가루를 섞은 것이다. 야나스프레타의 줄기는 진액과 같이 먹지 않으면 강력한 수면 효과를 유발한다. 

이계의 식재라 [동의보감]으로도 피독이 안 되는 식물. 그래서 늘 점액을 같이 끓여 먹었던 건데······. 

“어제 그롤을 요리한 게 누구였죠?” 

“아마 수영 씨가······.” 

나는 가볍게 한숨을 내쉬었다. 

어제 먹은 것은 신유승이 길들이기에 실패한 새끼 그롤의 고기였다. 그리고 새끼 그롤을 죽인 것은, 다름 아닌 한수영. 

“한 방 먹었네요.” 

나는 창백하게 누워 있는 한수영의 시신을 향해 다가갔다. 

너무 당황한 나머지 잠시 잊고 있었다. 

아바타는 머리가 터지지 않는 한 소멸하지 않는다. 

하지만 왜 이런 장난을 쳤을까? 

어차피 ‘임시 서약서’에 묶여 있어서 도망도 못 갈 텐데. 

그때, 한수영의 심장 쪽에서 파란색 빛이 올라왔다. 

······저건? 

“잠시.” 

나는 일행들의 반응에도 아랑곳 않고, 그대로 한수영의 머리를 짓밟았다. 그러자 푸른빛이 터지며, 아바타가 그대로 소멸했다. 

[인물 ‘한수영’의 아바타가 계약 위반의 효과를 대신 받고 있습니다.] 

[인물 ‘한수영’이 자신의 아바타를 제물로 ‘임시 서약서’의 패널티를 대부분 상쇄합니다.] 

“아······.” 

그제야 뭔가를 납득한 듯, 유상아가 신음을 흘렸다. 

나도 아바타에 설마 이런 효과가 있을 줄은 몰랐다. 

‘원작’에서 본체를 대신해 피해를 입는 것을 본 적은 있지만, 설마 계약의 대가를 대신 치를 수도 있을 줄이야. 

‘대부분’이라는 부사가 붙어 있는 걸로 봐서 완벽하게 상쇄가 되진 않은 모양이지만, 그래도 본체가 죽지는 않았으리라. 

신유승이 물었다. 

“그 언니는 가버린 건가요?” 

“그런 것 같네.” 

왜, 라는 질문은 의미가 없었다. 

생각해 보면, 한수영은 나와 함께 다녀서 좋을 게 별로 없었다. 

―안 그래도 요즘 너랑 같이 다니면서 성좌들 후원 줄었어. 

나는 곧 충무로의 일행들과 조우할 것이고, 그들은 유상아 못지 않게 한수영을 적대시할 것이다. 

―쳇. 신뢰 못 받는 사람은 서러워서 살겠나. 

한수영은 혼자가 될 것이고, 적들 속에 둘러싸인 상태가 되겠지. 잠깐이지만, 나는 그녀가 일행이 될 수 있다고 착각했는지도 모른다. 

아바타가 새하얀 가루로 흩어진 자리엔 약간의 코인과 쪽지 한 장이 놓여 있었다. 

―밥값 

정말, 그 녀석다운 작별이다. 

마치 지금까지의 시간을 무로 돌리는 것처럼, 녀석의 아바타는 불어온 한강 바람에 훌훌 날아 없어졌다. 

다만 궁금한 것은, 아바타를 통한 [대리 사망]이 가능함에도 불구하고, 한수영이 왜 지금까지 나와 같이 있었냐는 것인데······. 

모르겠다. 

유상아의 마음을 읽을 수 없듯, 한수영의 마음도 읽을 수 없다. 

모든 것을 설명하는 ‘멸살법’도 이런 것은 알려주지 않는다. 

“우리도 일어나죠.” 

찌릿, 하는 느낌과 함께 묘한 감각이 찾아온 것은 그때였다. 

전지적 독자 시점? 

나는 본능적으로 느낌이 온 방향을 쳐다보았지만, 딱히 보이는 것은 없었다. 

········착각인가? 

* 

“멍청이.” 

한수영은 멀찍이 떨어진 고층 건물 위에서 폐건물 쪽을 바라보며 말했다. 찢어진 청바지 사이로 스며드는 한강 바람이 차가웠다. 그녀는 입술을 깨문 채 중얼거렸다. 

“······솔직히 찾는 시늉이라도 해야 하는 거 아니냐?” 

말을 하면서도, 사실 그럴 수 없다는 걸 알고 있었다. 

당연한 일일 것이다. 

그 역시, 그녀만큼이나 ‘독자’일 테니까. 

그녀는 메모장을 켜서 뭔가를 메모하기 시작했다. 

영감이 떠오를 때는 적어야만 하는 작가의 어쩔 수 없는 버릇이었다. 

「책을 잘 읽는다고 해서, 사람까지 잘 이해하리란 법은 없다.」 

‘곧 다시 만나겠지.’ 

그녀는 김독자가 원하는 결말이 무엇인지 알지 못했다. 

하지만 그들이 결말을 향해 움직이는 한, 그들은 반드시 만나게 되어 있었다. 

「다음에 만났을 때 그들이 적일지 아군일지는, 그녀 역시도 알 수 없었다.」 

한수영은 스마트폰을 덮고, 길을 따라 걸어갔다. 

* 

오전의 시간이 쏜살같이 지나갔다. 

그날 오후, 신유승의 마력과 민첩은 시나리오 한계치인 60에 도달했다. 슬슬 때가 되었다고 느낀 나는, 비형에게 [배후 계약서]를 구입했다. 비형은 투덜거리면서도 내게 계약서를 내주었다. 

[······너 이런다고 ‘재앙’이 바뀌지 않는다는 건 알지?] 

‘······.’ 

[저 녀석의 현재는 미래의 재앙에 ‘직결’되어 있지 않아. 재앙은 최초의 세계선에서 파생된 우주에서 오는 거라고. 존재가 연결되어도, 역사는······.] 

‘쓸데없는 소리 하지 말고 계약서나 내놔.’ 

나는 계약서를 모두 쓴 뒤, 신유승에게 건네주었다. 

“나는 지금 성흔도 없고, 다른 성좌들처럼 힘을 빌려줄 수도 없어. 하지만 코인은 꽤 많아.” 

“······.” 

“싫으면 계약 안 해도 돼. 하지만 나랑 계약한다면, 분명 후회하지 않을 거야.” 

“엄마가 이런 거 함부로 쓰지 말랬는데······.” 

“괜찮아. 내가 정말로 배후성 노릇을 하겠다는 건 아니니까.” 

“이걸 쓰면 다른 성좌랑은 계약 못하는 건가요?” 

“그래.” 

신유승은 잠시 머뭇거렸으나, 이내 결심한 듯 고개를 끄덕였다. 

“좋아요. 어차피 아저씨 믿기로 했으니까.” 

[‘배후 계약’이 체결되었습니다.] 

[당신은 화신 ‘신유승’의 배후가 되었습니다.] 

눈부신 광휘가 솟아나 신유승과 나를 감쌌다. 하지만 화려한 빛살과는 달리, 떠오른 메시지는 초라한 것이었다. 

[당신은 성좌가 아닙니다. 배후성의 권한 대부분을 사용할 수 없습니다.] 

<사용 가능한 권한 목록> 

[1. 화신 후원] 

[2. 화신 독려] 

뭐, 예상은 했다. 

아직은 이 정도겠지. 

[성좌, ‘긴고아의 죄수’가 콧김을 뿜습니다.] 

[성좌, ‘은밀한 모략가’가 당신의 첫 계약을 축하합니다.] 

[5000코인을 후원받았습니다.] 

[상당수의 성좌들이 당신의 배후성이 되기를 원합니다.] 

성좌들의 반응도 뜨거웠다. 

십악 공필두 때와는 또 다르다. 

이제 신유승은 나의 직속 화신이 되는 것이니까. 

고로 ‘화신 찾기’ 집단의 성좌들은 내게 열광할 수밖에 없었다. 

나는 아직 성좌가 아니면서, ‘화신’을 둔 ‘화신’. 

그러니 나와 계약을 하면 자연히 신유승은 계약한 배후성의 휘하에 들어가게 된다. 이런 식으로 내가 화신의 숫자를 늘릴수록, 나를 원하는 성좌들의 숫자도 급격하게 늘어날 것이다. 

[채널 터지겠네······!] 

행복한 비명을 지르는 비형을 뒤로하고, 나는 일행을 돌아보며 말했다. 

“슬슬 출발할 때가 된 것 같습니다. 한강을 건너죠.” 

“하지만 아직 다리를 못 찾았는데, 괜찮을까요?” 

“수영을 할 겁니다.” 

“네?” 

“할 줄 아시죠?” 

“할 줄은 알지만······.” 

유상아가 걱정스러운 표정으로 나와 한강을 번갈아 보았다. 

뭘 걱정하는지는 알 만하다. 

한층 더 높아진 한강의 수위. 그 안에는, 어제보다도 많은 숫자의 어룡들이 간헐적으로 포효를 뱉고 있었다. 하나하나가 7급에 해당하는 녀석들. 신유승이 말했다. 

“저는 수영 못하는데······.” 

“넌 이거 붙잡고 건너와.” 

나는 미리 구해온 스티로폼 박스를 내밀었다. 나는 유상아에게 부탁해 [아라크네의 거미줄]로 박스와 나를 연결했다. 

“갑시다.” 

내가 망설이지 않고 한강에 뛰어들자, 유상아도 곧바로 쫓아왔다. 신유승도 살짝 겁먹은 눈치긴 했지만, 곧 스티로폼을 붙잡고 한강 물에 발을 담갔다. 

차가운 한강의 수온이 몸을 감쌌다. 낯선 괴수들의 비린내. 어룡들의 움직임이 달라지기 시작했다. 유상아가 물었다. 

―진짜로 괜찮을까요? 

물론 괜찮지 않다. 

하지만 남은 시간을 고려하면, 이것만이 가장 확실한 방법이었다. 

―정말 위험해지면 바로 나올 겁니다. 

―······네. 

―그러니 진짜 위험해지기 전에, 위험해진 것처럼 구세요. 

―네? 

―그래야 유승이가 빨리 각성합니다. 일부러 위기를 연출하세요. 알았죠? 

나는 그대로 스티로폼을 끌고 한강의 중심으로 헤엄치기 시작했다. 

신유승에게 걱정 말고 스킬 레벨만 올리라고 한 것엔 다 이유가 있었다. 

특성창에는 표시되지 않지만, 그녀에게는 타고난 상황 적응력과 임기응변이 있다. 

평범한 여자아이는, 결코 다섯 번째 시나리오까지 살아남을 수 없다. 

그저 착한 아이인 것 같지만, 신유승의 내면은 그리 단순하지 않다. 

일촉즉발의 위기에 자신의 반려견을 죽이고, 어른들을 속이며, 강자의 호감을 사기 위해 자신을 위장하는 아이. 신유승은 그런 아이다. 처음 우리를 만났을 때부터, 그녀의 머릿속에서는 여러 가지 계산들이 오가고 있었겠지. 

나는 벌써부터 주변 눈치를 보는 신유승을 향해 말했다. 

“유승아.” 

“네, 네!” 

“도망치지 마.” 

“······.” 

“만약 여기서 도망치면, 너는 다시는 돌아갈 수 없어.” 

희미하게 벌어졌던 신유승의 입이 닫힌다. 

신유승은 영악하기보다는 영리한 아이다. 

“네가 할 수 있는 일을 해.” 

잔꾀는 먹히지 않는다. 

아이라는 이유로 보호해 줄 사람도 없다. 

“······알겠어요.” 

두려움은 공포로, 공포는 이내 결의로. 

[등장인물 ‘신유승’이 ‘상급 다종 교감 Lv.3’을 발동합니다!] 

주변으로 밀려드는 살기. 먹잇감을 노리는 포식자들의 기척이 늘어나고 있었다. 

일단 수면 위에 보이는 것만 열 마리. 

한 번에 해치우기는 어려운 숫자다. 하지만 도망치려면 도망칠 수는 있다. 어쨌든 한강만 벗어나면, 어룡들은 쫓아오지 못하니까. 

“독자 씨!” 

유상아의 경고성. 어룡들의 피습이 시작되었다. 

날카로운 어룡의 송곳니가 사방에서 동시에 날아들었다. 

[‘신념의 칼날’이 활성화됩니다.] 

나는 칼날을 휘둘러 곧바로 어룡의 아가리 하나를 꿰뚫었다. 비껴간 어룡들의 몸체가 수면을 때렸다. 

콰아앙! 

한강을 뒤집는 어룡들의 용틀임. 나는 비산하는 강물과 함께 허공을 날았다. 돌아보니, 스티로폼을 놓친 신유승이 공중으로 떠오르고 있었다. 

하늘에서 날파람이 불더니, 유상아가 신유승을 향해 거미줄을 뻗었다. 

[헤르메스의 산책법]에 [아라크네의 거미줄]의 연계. 

유상아가 무사히 신유승을 받아내는 사이, 나는 죽은 어룡 하나를 발판 삼아 다가오는 어룡들을 향해 검을 휘두르기 시작했다. 

“이쪽이다 자식들아!” 

십여 마리의 어룡들이 물살을 가르며 이쪽으로 헤엄쳐 왔다. 강물이 거대한 파도처럼 넘실거리며, 내가 딛고 선 어룡의 시체가 위태롭게 출렁였다. 나는 호흡을 가다듬으며 자세를 바로잡았다. 

[바람의 길]을 사용하면 쉽게 위기를 타개할 수 있겠지만, 그래서는 처절함이 부족하다. 

“아저씨!” 

유상아의 품에 안긴 신유승의 표정이 다급해진다. 몇 개의 송곳니가 내 살갗을 파고들었고, 나는 연속해서 검을 휘둘렀다. 몇 마리의 어룡이 치명상을 입고 나가 떨어졌지만 숫자는 줄지 않았다. 흘러내리는 피는 금방 식었고, 숨은 점점 벅차올랐다. 하지만 나는 웃었다. 

더 조급해져라. 

더 간절해지고. 

더 절박해져라. 

그래야만 해. 

푸슈슈슈슛! 

어룡의 송곳니가 스친 곳에 흉측한 상처가 만들어졌다. 

너덜거리는 살점에서 피가 쏟아지기 시작했다. 

「안 돼―!」 

귀청을 찢는 듯한 메시지가 귓가를 울렸다. 

[등장인물 ‘신유승’의 특성 진화가 임박하였습니다.] 

[화신 ‘신유승’이 트랜스 상태에 돌입합니다.] 

신유승의 눈이 하얗게 물들고 있었다. 전력을 다할 때의 이길영과 똑같은 모습. 내가 생각한 그대로였다. 이 모든 것은, 신유승의 이 순간을 위해 연출되었다. 

[등장인물 ‘신유승’이 ‘길들이기 Lv.9’를 발동합니다!] 

60레벨의 마력이 폭포수 같은 아우라를 쏟아내며 한강의 물살을 타고 뻗어 나가기 시작했다. 

쿠구구구구. 

달려오던 어룡들의 기세가 주춤했다. 거대한 정신에 감응하기라도 하듯, 어룡들이 몸을 떨며 신음을 흘렸다. 

기이이이······? 

수면 위로 보이는 어룡의 무리가 더 늘어났다. 

아까는 열 정도였는데, 이제 스물을 훨씬 넘는다. 그렇다는 것은 수면 아래까지 합치면 그 두 배 이상의 어룡들이 주변에 모여들고 있다는 뜻. 

하지만 이내 어룡들은 다시 나를 바라보았다. 

혼란해진 어룡들은 더욱 날카로운 기세를 뿜어냈고, 살기는 한층 더 흉폭해졌다. 

기아아아아아! 

빌어먹을, 실패인가? 

“유상아 씨!” 

어쩔 수 없다. 이제 그녀의 성흔을 이용해 빠르게 벗어나는 것만이 최선이다. 고개를 끄덕인 유상아가 실을 뿜으며 어룡들을 피해 다가왔다. 나는 신유승을 불렀다. 

“유승아. 그만해도 돼. 신유승!” 

그러나 신유승은 대답이 없었다. 

신유승의 주변에서 일어난 기파가 점차 거세지더니, 이제 그녀의 몸은 완연한 푸른빛 아우라로 덮여 있었다. 

한강의 중심에서 소용돌이가 일어난 것은 그때였다. 

쿠구구구구. 

나는 손을 쓸 틈도 없이 물살에 휩쓸렸다. 주변의 어룡들이 일제히 몸을 부딪치며 비명을 질렀고, 나는 어룡의 비늘에 간신히 매달린 채 원심력을 견뎌냈다. 

그리고 다음 순간. 

거대한 물보라가 치솟더니, 다른 어룡들의 대여섯 배는 될 법한 크기의 어룡이 천천히 일어섰다. 너무 커다란 녀석이어서, 나는 그게 정말 어룡일 거라고 생각지 못했다. 내가 죽인 씨-커맨더 보다도 더 큰 녀석이었다. 

위엄이 넘치는 수염. 하나의 종족을 지배하는 고고한 눈빛. 

주변의 모든 어룡들이 머리를 수면으로 굽히고 있었다. 

[5급 해수종(海水種), ‘퀸 미르바드’가 나타났습니다!] 

······제기랄, 하필이면 이 녀석을 불렀단 말인가? 

신유승의 재능이 뛰어난 줄은 알았지만 설마 ‘퀸’을 부를 정도의 재능일줄은 몰랐다. 

무려 소재앙에 필적하는 괴수종. 

내가 [책갈피]를 열어 [바람의 길]을 발동하려는 순간, 유상아의 목소리가 들렸다. 

“······독자 씨?” 

돌아보자, 신유승의 몸이 허공에 떠 있었다. 

퀸 미르바드에게 뻗어진 아우라의 길을 따라, 신유승이 천천히 퀸의 몸체에 다가갔다. 퀸은 신유승을 바라보았고, 신유승은 퀸을 바라보았다. 신유승의 작은 손이 퀸의 콧등을 고요히 쓸었다. 

주변의 물살이 가라앉고, 수면 위의 어룡들이 조용히 자취를 감추었다. 

다시 돌아보았을 때, 신유승은 퀸의 머리에 타고 있었다. 

나는 새삼 신유승이 어떤 존재인지 실감했다. 

비스트 로드. 

모든 괴수들의 지배자. 

천천히 눈의 색깔이 돌아온 신유승이 나를 보고 있었다. 

아무것도 아니라는 듯, 코피를 쓱 훔친 녀석이 말했다. 

“가요, 아저씨.” 

나는 고개를 끄덕였다.